Archive member included to satisfy reference by file (symbol)

c:/nrf/8-2019-q3-update/bin/../lib/gcc/arm-none-eabi/8.3.1/../../../../arm-none-eabi/lib/thumb/v7e-m+fp/hard\libc_nano.a(lib_a-ctype_.o)
                              _build/nrf52840_xxaa/nrf_log_str_formatter.c.o (_ctype_)
c:/nrf/8-2019-q3-update/bin/../lib/gcc/arm-none-eabi/8.3.1/../../../../arm-none-eabi/lib/thumb/v7e-m+fp/hard\libc_nano.a(lib_a-exit.o)
                              c:/nrf/8-2019-q3-update/bin/../lib/gcc/arm-none-eabi/8.3.1/../../../../arm-none-eabi/lib/thumb/v7e-m+fp/hard/crt0.o (exit)
c:/nrf/8-2019-q3-update/bin/../lib/gcc/arm-none-eabi/8.3.1/../../../../arm-none-eabi/lib/thumb/v7e-m+fp/hard\libc_nano.a(lib_a-impure.o)
                              c:/nrf/8-2019-q3-update/bin/../lib/gcc/arm-none-eabi/8.3.1/../../../../arm-none-eabi/lib/thumb/v7e-m+fp/hard\libc_nano.a(lib_a-exit.o) (_global_impure_ptr)
c:/nrf/8-2019-q3-update/bin/../lib/gcc/arm-none-eabi/8.3.1/../../../../arm-none-eabi/lib/thumb/v7e-m+fp/hard\libc_nano.a(lib_a-init.o)
                              c:/nrf/8-2019-q3-update/bin/../lib/gcc/arm-none-eabi/8.3.1/../../../../arm-none-eabi/lib/thumb/v7e-m+fp/hard/crt0.o (__libc_init_array)
c:/nrf/8-2019-q3-update/bin/../lib/gcc/arm-none-eabi/8.3.1/../../../../arm-none-eabi/lib/thumb/v7e-m+fp/hard\libc_nano.a(lib_a-memcmp.o)
                              _build/nrf52840_xxaa/ble_advdata.c.o (memcmp)
c:/nrf/8-2019-q3-update/bin/../lib/gcc/arm-none-eabi/8.3.1/../../../../arm-none-eabi/lib/thumb/v7e-m+fp/hard\libc_nano.a(lib_a-memcpy-stub.o)
                              _build/nrf52840_xxaa/nrf_log_frontend.c.o (memcpy)
c:/nrf/8-2019-q3-update/bin/../lib/gcc/arm-none-eabi/8.3.1/../../../../arm-none-eabi/lib/thumb/v7e-m+fp/hard\libc_nano.a(lib_a-memset.o)
                              c:/nrf/8-2019-q3-update/bin/../lib/gcc/arm-none-eabi/8.3.1/../../../../arm-none-eabi/lib/thumb/v7e-m+fp/hard/crt0.o (memset)
c:/nrf/8-2019-q3-update/bin/../lib/gcc/arm-none-eabi/8.3.1/../../../../arm-none-eabi/lib/thumb/v7e-m+fp/hard\libc_nano.a(lib_a-strcpy.o)
                              _build/nrf52840_xxaa/SEGGER_RTT.c.o (strcpy)
c:/nrf/8-2019-q3-update/bin/../lib/gcc/arm-none-eabi/8.3.1/../../../../arm-none-eabi/lib/thumb/v7e-m+fp/hard\libc_nano.a(lib_a-strlen.o)
                              _build/nrf52840_xxaa/nrf_log_frontend.c.o (strlen)
c:/nrf/8-2019-q3-update/bin/../lib/gcc/arm-none-eabi/8.3.1/../../../../arm-none-eabi/lib/thumb/v7e-m+fp/hard\libnosys.a(_exit.o)
                              c:/nrf/8-2019-q3-update/bin/../lib/gcc/arm-none-eabi/8.3.1/../../../../arm-none-eabi/lib/thumb/v7e-m+fp/hard\libc_nano.a(lib_a-exit.o) (_exit)

Allocating common symbols
Common symbol       size              file

nrf_nvic_state      0xc               _build/nrf52840_xxaa/app_util_platform.c.o
nrf_drv_uart_use_easy_dma
                    0x2               _build/nrf52840_xxaa/nrf_drv_uart.c.o
_SEGGER_RTT         0x78              _build/nrf52840_xxaa/SEGGER_RTT.c.o

Discarded input sections

 .text          0x00000000        0x0 c:/nrf/8-2019-q3-update/bin/../lib/gcc/arm-none-eabi/8.3.1/thumb/v7e-m+fp/hard/crti.o
 .data          0x00000000        0x0 c:/nrf/8-2019-q3-update/bin/../lib/gcc/arm-none-eabi/8.3.1/thumb/v7e-m+fp/hard/crti.o
 .bss           0x00000000        0x0 c:/nrf/8-2019-q3-update/bin/../lib/gcc/arm-none-eabi/8.3.1/thumb/v7e-m+fp/hard/crti.o
 .data          0x00000000        0x4 c:/nrf/8-2019-q3-update/bin/../lib/gcc/arm-none-eabi/8.3.1/thumb/v7e-m+fp/hard/crtbegin.o
 .data          0x00000000        0x0 c:/nrf/8-2019-q3-update/bin/../lib/gcc/arm-none-eabi/8.3.1/../../../../arm-none-eabi/lib/thumb/v7e-m+fp/hard/crt0.o
 .bss           0x00000000        0x0 c:/nrf/8-2019-q3-update/bin/../lib/gcc/arm-none-eabi/8.3.1/../../../../arm-none-eabi/lib/thumb/v7e-m+fp/hard/crt0.o
 .ARM.extab     0x00000000        0x0 c:/nrf/8-2019-q3-update/bin/../lib/gcc/arm-none-eabi/8.3.1/../../../../arm-none-eabi/lib/thumb/v7e-m+fp/hard/crt0.o
 .data          0x00000000        0x0 _build/nrf52840_xxaa/gcc_startup_nrf52840.S.o
 .bss           0x00000000        0x0 _build/nrf52840_xxaa/gcc_startup_nrf52840.S.o
 .group         0x00000000        0xc _build/nrf52840_xxaa/nrf_log_backend_rtt.c.o
 .group         0x00000000        0xc _build/nrf52840_xxaa/nrf_log_backend_rtt.c.o
 .group         0x00000000        0xc _build/nrf52840_xxaa/nrf_log_backend_rtt.c.o
 .group         0x00000000        0xc _build/nrf52840_xxaa/nrf_log_backend_rtt.c.o
 .group         0x00000000        0xc _build/nrf52840_xxaa/nrf_log_backend_rtt.c.o
 .group         0x00000000        0xc _build/nrf52840_xxaa/nrf_log_backend_rtt.c.o
 .group         0x00000000        0xc _build/nrf52840_xxaa/nrf_log_backend_rtt.c.o
 .group         0x00000000        0xc _build/nrf52840_xxaa/nrf_log_backend_rtt.c.o
 .group         0x00000000        0xc _build/nrf52840_xxaa/nrf_log_backend_rtt.c.o
 .group         0x00000000        0xc _build/nrf52840_xxaa/nrf_log_backend_rtt.c.o
[...]
Memory Configuration

Name             Origin             Length             Attributes
FLASH            0x00027000         0x000d9000         xr
RAM              0x20002300         0x0003dd00         xrw
*default*        0x00000000         0xffffffff

Linker script and memory map


.text           0x00027000     0x6f54
 *(.isr_vector)
 .isr_vector    0x00027000      0x200 _build/nrf52840_xxaa/gcc_startup_nrf52840.S.o
                0x00027000                __isr_vector
 *(.text*)
 .text          0x00027200       0x40 c:/nrf/8-2019-q3-update/bin/../lib/gcc/arm-none-eabi/8.3.1/thumb/v7e-m+fp/hard/crtbegin.o
 .text          0x00027240       0x74 c:/nrf/8-2019-q3-update/bin/../lib/gcc/arm-none-eabi/8.3.1/../../../../arm-none-eabi/lib/thumb/v7e-m+fp/hard/crt0.o
                0x00027240                _start
                0x00027240                _mainCRTStartup
 .text          0x000272b4       0x3c _build/nrf52840_xxaa/gcc_startup_nrf52840.S.o
                0x000272b4                Reset_Handler
                0x000272dc                NMI_Handler
                0x000272de                HardFault_Handler
                0x000272e0                MemoryManagement_Handler
                0x000272e2                BusFault_Handler
                0x000272e4                UsageFault_Handler
                0x000272e6                SVC_Handler
                0x000272e8                DebugMon_Handler
                0x000272ea                PendSV_Handler
                0x000272ec                SysTick_Handler
                0x000272ee                PDM_IRQHandler
                0x000272ee                TEMP_IRQHandler
                0x000272ee                QDEC_IRQHandler
                0x000272ee                TIMER3_IRQHandler
                0x000272ee                PWM3_IRQHandler
                0x000272ee                RTC0_IRQHandler
                0x000272ee                USBD_IRQHandler
                0x000272ee                SPIM0_SPIS0_TWIM0_TWIS0_SPI0_TWI0_IRQHandler
                0x000272ee                PWM1_IRQHandler
                0x000272ee                TIMER4_IRQHandler
                0x000272ee                RADIO_IRQHandler
                0x000272ee                I2S_IRQHandler
                0x000272ee                SWI4_EGU4_IRQHandler
                0x000272ee                FPU_IRQHandler
                0x000272ee                TIMER2_IRQHandler
                0x000272ee                UARTE1_IRQHandler
                0x000272ee                TIMER1_IRQHandler
                0x000272ee                SPIM3_IRQHandler
                0x000272ee                PWM2_IRQHandler
                0x000272ee                ECB_IRQHandler
                0x000272ee                SPIM1_SPIS1_TWIM1_TWIS1_SPI1_TWI1_IRQHandler
                0x000272ee                Default_Handler
                0x000272ee                SAADC_IRQHandler
                0x000272ee                CCM_AAR_IRQHandler
                0x000272ee                WDT_IRQHandler
                0x000272ee                CRYPTOCELL_IRQHandler
                0x000272ee                SWI5_EGU5_IRQHandler
                0x000272ee                RNG_IRQHandler
                0x000272ee                RTC2_IRQHandler
                0x000272ee                PWM0_IRQHandler
                0x000272ee                SWI3_EGU3_IRQHandler
                0x000272ee                SWI1_EGU1_IRQHandler
                0x000272ee                SPIM2_SPIS2_SPI2_IRQHandler
                0x000272ee                NFCT_IRQHandler
                0x000272ee                SWI0_EGU0_IRQHandler
                0x000272ee                MWU_IRQHandler
                0x000272ee                TIMER0_IRQHandler
                0x000272ee                QSPI_IRQHandler
                0x000272ee                COMP_LPCOMP_IRQHandler
 .text.nrf_log_backend_serial_put
                0x000272f0       0xd4 _build/nrf52840_xxaa/nrf_log_backend_serial.c.o
                0x000272f0                nrf_log_backend_serial_put
 .text.uart_evt_handler
                0x000273c4        0xc _build/nrf52840_xxaa/nrf_log_backend_uart.c.o
 .text.nrf_log_backend_uart_flush
                0x000273d0        0x4 _build/nrf52840_xxaa/nrf_log_backend_uart.c.o
 .text.nrf_log_backend_uart_put
                0x000273d4       0x20 _build/nrf52840_xxaa/nrf_log_backend_uart.c.o
 .text.serial_tx
                0x000273f4       0x4c _build/nrf52840_xxaa/nrf_log_backend_uart.c.o
 .text.nrf_log_backend_uart_panic_set
                0x00027440       0x64 _build/nrf52840_xxaa/nrf_log_backend_uart.c.o
 .text.nrf_log_backend_uart_init
                0x000274a4       0x4c _build/nrf52840_xxaa/nrf_log_backend_uart.c.o
                0x000274a4                nrf_log_backend_uart_init
 .text.nrf_log_default_backends_init
                0x000274f0       0x20 _build/nrf52840_xxaa/nrf_log_default_backends.c.o
                0x000274f0                nrf_log_default_backends_init
 .text.nrf_log_init
                0x00027510       0x28 _build/nrf52840_xxaa/nrf_log_frontend.c.o
                0x00027510                nrf_log_init
 .text.nrf_log_module_name_get
                0x00027538       0x58 _build/nrf52840_xxaa/nrf_log_frontend.c.o
                0x00027538                nrf_log_module_name_get
 .text.nrf_log_color_id_get
                0x00027590       0x2c _build/nrf52840_xxaa/nrf_log_frontend.c.o
                0x00027590                nrf_log_color_id_get
 .text.nrf_log_frontend_dequeue
                0x000275bc      0x254 _build/nrf52840_xxaa/nrf_log_frontend.c.o
                0x000275bc                nrf_log_frontend_dequeue
 .text.nrf_log_frontend_std_0
                0x00027810      0x19c _build/nrf52840_xxaa/nrf_log_frontend.c.o
                0x00027810                nrf_log_frontend_std_0
 .text.nrf_log_frontend_std_1
                0x000279ac      0x1a8 _build/nrf52840_xxaa/nrf_log_frontend.c.o
                0x000279ac                nrf_log_frontend_std_1
 .text.nrf_log_frontend_std_2
                0x00027b54      0x1b8 _build/nrf52840_xxaa/nrf_log_frontend.c.o
                0x00027b54                nrf_log_frontend_std_2
 .text.nrf_log_backend_add
                0x00027d0c       0x74 _build/nrf52840_xxaa/nrf_log_frontend.c.o
                0x00027d0c                nrf_log_backend_add
 .text.nrf_log_panic
                0x00027d80       0x28 _build/nrf52840_xxaa/nrf_log_frontend.c.o
                0x00027d80                nrf_log_panic
 .text.prefix_process
                0x00027da8       0x80 _build/nrf52840_xxaa/nrf_log_str_formatter.c.o
 .text.nrf_log_std_entry_process
                0x00027e28       0xec _build/nrf52840_xxaa/nrf_log_str_formatter.c.o
                0x00027e28                nrf_log_std_entry_process
 .text.nrf_log_hexdump_entry_process
                0x00027f14       0xfc _build/nrf52840_xxaa/nrf_log_str_formatter.c.o
                0x00027f14                nrf_log_hexdump_entry_process
 .text.gpiote_event_handler
                0x00028010       0x78 _build/nrf52840_xxaa/app_button.c.o
 .text.evt_handle
                0x00028088      0x1d8 _build/nrf52840_xxaa/app_button.c.o
                0x00028088                evt_handle
 .text.detection_delay_timeout_handler
                0x00028260       0x78 _build/nrf52840_xxaa/app_button.c.o
 .text.app_button_init
                0x000282d8       0xc0 _build/nrf52840_xxaa/app_button.c.o
                0x000282d8                app_button_init
 .text.app_button_enable
                0x00028398       0x2c _build/nrf52840_xxaa/app_button.c.o
                0x00028398                app_button_enable
 .text.app_button_disable
                0x000283c4       0x5c _build/nrf52840_xxaa/app_button.c.o
                0x000283c4                app_button_disable
 .text.app_error_handler_bare
                0x00028420       0x20 _build/nrf52840_xxaa/app_error.c.o
                0x00028420                app_error_handler_bare
 .text.app_error_fault_handler
                0x00028440       0x70 _build/nrf52840_xxaa/app_error_weak.c.o
                0x00028440                app_error_fault_handler
 .text.compare_func
                0x000284b0       0x18 _build/nrf52840_xxaa/app_timer2.c.o
 .text.rtc_irq  0x000284c8      0x31c _build/nrf52840_xxaa/app_timer2.c.o
 .text.app_timer_init
                0x000287e4       0x6c _build/nrf52840_xxaa/app_timer2.c.o
                0x000287e4                app_timer_init
 .text.app_timer_create
                0x00028850       0x1c _build/nrf52840_xxaa/app_timer2.c.o
                0x00028850                app_timer_create
 .text.app_timer_start
                0x0002886c       0x98 _build/nrf52840_xxaa/app_timer2.c.o
                0x0002886c                app_timer_start
 .text.app_timer_stop
                0x00028904       0x44 _build/nrf52840_xxaa/app_timer2.c.o
                0x00028904                app_timer_stop
 .text.app_util_critical_region_enter
                0x00028948       0x4c _build/nrf52840_xxaa/app_util_platform.c.o
                0x00028948                app_util_critical_region_enter
 .text.app_util_critical_region_exit
                0x00028994       0x30 _build/nrf52840_xxaa/app_util_platform.c.o
                0x00028994                app_util_critical_region_exit
 .text.drv_rtc_init
                0x000289c4       0xb4 _build/nrf52840_xxaa/drv_rtc.c.o
                0x000289c4                drv_rtc_init
 .text.drv_rtc_start
                0x00028a78        0x8 _build/nrf52840_xxaa/drv_rtc.c.o
                0x00028a78                drv_rtc_start
 .text.drv_rtc_stop
                0x00028a80        0x8 _build/nrf52840_xxaa/drv_rtc.c.o
                0x00028a80                drv_rtc_stop
 .text.drv_rtc_compare_set
                0x00028a88       0x4c _build/nrf52840_xxaa/drv_rtc.c.o
                0x00028a88                drv_rtc_compare_set
 .text.drv_rtc_windowed_compare_set
                0x00028ad4      0x104 _build/nrf52840_xxaa/drv_rtc.c.o
                0x00028ad4                drv_rtc_windowed_compare_set
 .text.drv_rtc_overflow_enable
                0x00028bd8       0x14 _build/nrf52840_xxaa/drv_rtc.c.o
                0x00028bd8                drv_rtc_overflow_enable
 .text.drv_rtc_overflow_pending
                0x00028bec       0x20 _build/nrf52840_xxaa/drv_rtc.c.o
                0x00028bec                drv_rtc_overflow_pending
 .text.drv_rtc_compare_disable
                0x00028c0c       0x18 _build/nrf52840_xxaa/drv_rtc.c.o
                0x00028c0c                drv_rtc_compare_disable
 .text.drv_rtc_compare_pending
                0x00028c24       0x20 _build/nrf52840_xxaa/drv_rtc.c.o
                0x00028c24                drv_rtc_compare_pending
 .text.drv_rtc_counter_get
                0x00028c44        0x8 _build/nrf52840_xxaa/drv_rtc.c.o
                0x00028c44                drv_rtc_counter_get
 .text.drv_rtc_irq_trigger
                0x00028c4c       0x24 _build/nrf52840_xxaa/drv_rtc.c.o
                0x00028c4c                drv_rtc_irq_trigger
 .text.RTC1_IRQHandler
                0x00028c70       0x14 _build/nrf52840_xxaa/drv_rtc.c.o
                0x00028c70                RTC1_IRQHandler
 .text.nrf_atfifo_init
                0x00028c84       0x30 _build/nrf52840_xxaa/nrf_atfifo.c.o
                0x00028c84                nrf_atfifo_init
 .text.nrf_atfifo_item_alloc
                0x00028cb4       0x5c _build/nrf52840_xxaa/nrf_atfifo.c.o
                0x00028cb4                nrf_atfifo_item_alloc
 .text.nrf_atfifo_item_put
                0x00028d10       0x20 _build/nrf52840_xxaa/nrf_atfifo.c.o
                0x00028d10                nrf_atfifo_item_put
 .text.nrf_atfifo_item_get
                0x00028d30       0x60 _build/nrf52840_xxaa/nrf_atfifo.c.o
                0x00028d30                nrf_atfifo_item_get
 .text.nrf_atfifo_item_free
                0x00028d90       0x20 _build/nrf52840_xxaa/nrf_atfifo.c.o
                0x00028d90                nrf_atfifo_item_free
 .text.nrf_atflags_set
                0x00028db0       0x14 _build/nrf52840_xxaa/nrf_atflags.c.o
                0x00028db0                nrf_atflags_set
 .text.nrf_atflags_clear
                0x00028dc4       0x14 _build/nrf52840_xxaa/nrf_atflags.c.o
                0x00028dc4                nrf_atflags_clear
 .text.nrf_atflags_get
                0x00028dd8       0x14 _build/nrf52840_xxaa/nrf_atflags.c.o
                0x00028dd8                nrf_atflags_get
 .text.nrf_atomic_u32_fetch_store
                0x00028dec       0x14 _build/nrf52840_xxaa/nrf_atomic.c.o
                0x00028dec                nrf_atomic_u32_fetch_store
 .text.nrf_atomic_u32_or
                0x00028e00       0x18 _build/nrf52840_xxaa/nrf_atomic.c.o
                0x00028e00                nrf_atomic_u32_or
 .text.nrf_atomic_u32_and
                0x00028e18       0x18 _build/nrf52840_xxaa/nrf_atomic.c.o
                0x00028e18                nrf_atomic_u32_and
 .text.nrf_atomic_u32_add
                0x00028e30       0x18 _build/nrf52840_xxaa/nrf_atomic.c.o
                0x00028e30                nrf_atomic_u32_add
 .text.nrf_atomic_u32_sub
                0x00028e48       0x18 _build/nrf52840_xxaa/nrf_atomic.c.o
                0x00028e48                nrf_atomic_u32_sub
 .text.nrf_atomic_flag_set
                0x00028e60       0x18 _build/nrf52840_xxaa/nrf_atomic.c.o
                0x00028e60                nrf_atomic_flag_set
 .text.nrf_atomic_flag_clear_fetch
                0x00028e78       0x18 _build/nrf52840_xxaa/nrf_atomic.c.o
                0x00028e78                nrf_atomic_flag_clear_fetch
 .text.nrf_balloc_init
                0x00028e90       0x38 _build/nrf52840_xxaa/nrf_balloc.c.o
                0x00028e90                nrf_balloc_init
 .text.nrf_balloc_alloc
                0x00028ec8       0x50 _build/nrf52840_xxaa/nrf_balloc.c.o
                0x00028ec8                nrf_balloc_alloc
 .text.nrf_balloc_free
                0x00028f18       0x38 _build/nrf52840_xxaa/nrf_balloc.c.o
                0x00028f18                nrf_balloc_free
 .text.nrf_fprintf_buffer_flush
                0x00028f50       0x18 _build/nrf52840_xxaa/nrf_fprintf.c.o
                0x00028f50                nrf_fprintf_buffer_flush
 .text.nrf_fprintf
                0x00028f68       0x20 _build/nrf52840_xxaa/nrf_fprintf.c.o
                0x00028f68                nrf_fprintf
 .text.unsigned_print
                0x00028f88      0x158 _build/nrf52840_xxaa/nrf_fprintf_format.c.o
 .text.nrf_fprintf_fmt
                0x000290e0      0x734 _build/nrf52840_xxaa/nrf_fprintf_format.c.o
                0x000290e0                nrf_fprintf_fmt
 .text.nrf_memobj_pool_init
                0x00029814        0x4 _build/nrf52840_xxaa/nrf_memobj.c.o
                0x00029814                nrf_memobj_pool_init
 .text.nrf_memobj_alloc
                0x00029818       0x98 _build/nrf52840_xxaa/nrf_memobj.c.o
                0x00029818                nrf_memobj_alloc
 .text.nrf_memobj_get
                0x000298b0        0x8 _build/nrf52840_xxaa/nrf_memobj.c.o
                0x000298b0                nrf_memobj_get
 .text.nrf_memobj_put
                0x000298b8       0x58 _build/nrf52840_xxaa/nrf_memobj.c.o
                0x000298b8                nrf_memobj_put
 .text.nrf_memobj_write
                0x00029910       0x68 _build/nrf52840_xxaa/nrf_memobj.c.o
                0x00029910                nrf_memobj_write
 .text.nrf_memobj_read
                0x00029978       0x68 _build/nrf52840_xxaa/nrf_memobj.c.o
                0x00029978                nrf_memobj_read
 .text.sd_app_evt_wait
                0x000299e0        0x4 _build/nrf52840_xxaa/nrf_pwr_mgmt.c.o
 .text.nrf_pwr_mgmt_init
                0x000299e4       0x2c _build/nrf52840_xxaa/nrf_pwr_mgmt.c.o
                0x000299e4                nrf_pwr_mgmt_init
 .text.nrf_pwr_mgmt_run
                0x00029a10       0x54 _build/nrf52840_xxaa/nrf_pwr_mgmt.c.o
                0x00029a10                nrf_pwr_mgmt_run
 .text.nrf_ringbuf_init
                0x00029a64       0x1c _build/nrf52840_xxaa/nrf_ringbuf.c.o
                0x00029a64                nrf_ringbuf_init
 .text.nrf_section_iter_init
                0x00029a80       0x14 _build/nrf52840_xxaa/nrf_section_iter.c.o
                0x00029a80                nrf_section_iter_init
 .text.nrf_section_iter_next
                0x00029a94       0x18 _build/nrf52840_xxaa/nrf_section_iter.c.o
                0x00029a94                nrf_section_iter_next
 .text.nrf_sortlist_add
                0x00029aac       0x28 _build/nrf52840_xxaa/nrf_sortlist.c.o
                0x00029aac                nrf_sortlist_add
 .text.nrf_sortlist_pop
                0x00029ad4        0xc _build/nrf52840_xxaa/nrf_sortlist.c.o
                0x00029ad4                nrf_sortlist_pop
 .text.nrf_sortlist_peek
                0x00029ae0        0x8 _build/nrf52840_xxaa/nrf_sortlist.c.o
                0x00029ae0                nrf_sortlist_peek
 .text.nrf_sortlist_remove
                0x00029ae8       0x28 _build/nrf52840_xxaa/nrf_sortlist.c.o
                0x00029ae8                nrf_sortlist_remove
 .text.nrf_strerror_get
                0x00029b10       0x88 _build/nrf52840_xxaa/nrf_strerror.c.o
                0x00029b10                nrf_strerror_get
 .text.SystemInit
                0x00029b98      0x24c _build/nrf52840_xxaa/system_nrf52840.c.o
                0x00029b98                SystemInit
 .text.bsp_board_led_on
                0x00029de4       0x24 _build/nrf52840_xxaa/boards.c.o
                0x00029de4                bsp_board_led_on
 .text.bsp_board_led_off
                0x00029e08       0x24 _build/nrf52840_xxaa/boards.c.o
                0x00029e08                bsp_board_led_off
 .text.bsp_board_init
                0x00029e2c       0xd4 _build/nrf52840_xxaa/boards.c.o
                0x00029e2c                bsp_board_init
 .text.clock_irq_handler
                0x00029f00       0x44 _build/nrf52840_xxaa/nrf_drv_clock.c.o
 .text.soc_evt_handler
                0x00029f44       0x28 _build/nrf52840_xxaa/nrf_drv_clock.c.o
 .text.sd_state_evt_handler
                0x00029f6c       0xc4 _build/nrf52840_xxaa/nrf_drv_clock.c.o
 .text.uarte_evt_handler
                0x0002a030       0x34 _build/nrf52840_xxaa/nrf_drv_uart.c.o
 .text.uart_evt_handler
                0x0002a064       0x34 _build/nrf52840_xxaa/nrf_drv_uart.c.o
 .text.nrf_drv_uart_init
                0x0002a098       0x88 _build/nrf52840_xxaa/nrf_drv_uart.c.o
                0x0002a098                nrf_drv_uart_init
 .text.nrfx_clock_init
                0x0002a120       0x18 _build/nrf52840_xxaa/nrfx_clock.c.o
                0x0002a120                nrfx_clock_init
 .text.nrfx_clock_enable
                0x0002a138       0x24 _build/nrf52840_xxaa/nrfx_clock.c.o
                0x0002a138                nrfx_clock_enable
 .text.nrfx_clock_lfclk_stop
                0x0002a15c       0x38 _build/nrf52840_xxaa/nrfx_clock.c.o
                0x0002a15c                nrfx_clock_lfclk_stop
 .text.POWER_CLOCK_IRQHandler
                0x0002a194       0x64 _build/nrf52840_xxaa/nrfx_clock.c.o
                0x0002a194                POWER_CLOCK_IRQHandler
 .text.nrfx_gpiote_init
                0x0002a1f8       0xac _build/nrf52840_xxaa/nrfx_gpiote.c.o
                0x0002a1f8                nrfx_gpiote_init
 .text.nrfx_gpiote_is_init
                0x0002a2a4       0x14 _build/nrf52840_xxaa/nrfx_gpiote.c.o
                0x0002a2a4                nrfx_gpiote_is_init
 .text.nrfx_gpiote_in_init
                0x0002a2b8      0x1d0 _build/nrf52840_xxaa/nrfx_gpiote.c.o
                0x0002a2b8                nrfx_gpiote_in_init
 .text.nrfx_gpiote_in_event_enable
                0x0002a488       0xf4 _build/nrf52840_xxaa/nrfx_gpiote.c.o
                0x0002a488                nrfx_gpiote_in_event_enable
 .text.nrfx_gpiote_in_event_disable
                0x0002a57c       0x74 _build/nrf52840_xxaa/nrfx_gpiote.c.o
                0x0002a57c                nrfx_gpiote_in_event_disable
 .text.nrfx_gpiote_in_is_set
                0x0002a5f0       0x20 _build/nrf52840_xxaa/nrfx_gpiote.c.o
                0x0002a5f0                nrfx_gpiote_in_is_set
 .text.GPIOTE_IRQHandler
                0x0002a610      0x4f4 _build/nrf52840_xxaa/nrfx_gpiote.c.o
                0x0002a610                GPIOTE_IRQHandler
 .text.UARTE0_UART0_IRQHandler
                0x0002ab04        0xc _build/nrf52840_xxaa/nrfx_prs.c.o
                0x0002ab04                UARTE0_UART0_IRQHandler
 .text.nrfx_prs_acquire
                0x0002ab10       0x50 _build/nrf52840_xxaa/nrfx_prs.c.o
                0x0002ab10                nrfx_prs_acquire
 .text.nrfx_prs_release
                0x0002ab60       0x18 _build/nrf52840_xxaa/nrfx_prs.c.o
                0x0002ab60                nrfx_prs_release
 .text.nrfx_uart_0_irq_handler
                0x0002ab78      0x1c4 _build/nrf52840_xxaa/nrfx_uart.c.o
                0x0002ab78                nrfx_uart_0_irq_handler
 .text.nrfx_uart_init
                0x0002ad3c      0x1e4 _build/nrf52840_xxaa/nrfx_uart.c.o
                0x0002ad3c                nrfx_uart_init
 .text.nrfx_uart_uninit
                0x0002af20      0x108 _build/nrf52840_xxaa/nrfx_uart.c.o
                0x0002af20                nrfx_uart_uninit
 .text.nrfx_uart_tx
                0x0002b028       0xd0 _build/nrf52840_xxaa/nrfx_uart.c.o
                0x0002b028                nrfx_uart_tx
 .text.nrfx_uarte_0_irq_handler
                0x0002b0f8      0x160 _build/nrf52840_xxaa/nrfx_uarte.c.o
                0x0002b0f8                nrfx_uarte_0_irq_handler
 .text.nrfx_uarte_init
                0x0002b258      0x21c _build/nrf52840_xxaa/nrfx_uarte.c.o
                0x0002b258                nrfx_uarte_init
 .text.nrfx_uarte_uninit
                0x0002b474      0x168 _build/nrf52840_xxaa/nrfx_uarte.c.o
                0x0002b474                nrfx_uarte_uninit
 .text.nrfx_uarte_tx
                0x0002b5dc       0xb4 _build/nrf52840_xxaa/nrfx_uarte.c.o
                0x0002b5dc                nrfx_uarte_tx
 .text.sd_ble_gap_adv_set_configure
                0x0002b690        0x4 _build/nrf52840_xxaa/main.c.o
 .text.sd_ble_gap_adv_start
                0x0002b694        0x4 _build/nrf52840_xxaa/main.c.o
 .text.sd_ble_gap_disconnect
                0x0002b698        0x4 _build/nrf52840_xxaa/main.c.o
 .text.sd_ble_gap_ppcp_set
                0x0002b69c        0x4 _build/nrf52840_xxaa/main.c.o
 .text.sd_ble_gap_device_name_set
                0x0002b6a0        0x4 _build/nrf52840_xxaa/main.c.o
 .text.sd_ble_gap_sec_params_reply
                0x0002b6a4        0x4 _build/nrf52840_xxaa/main.c.o
 .text.sd_ble_gap_phy_update
                0x0002b6a8        0x4 _build/nrf52840_xxaa/main.c.o
 .text.sd_ble_gatts_sys_attr_set
                0x0002b6ac        0x4 _build/nrf52840_xxaa/main.c.o
 .text.nrf_qwr_error_handler
                0x0002b6b0        0x4 _build/nrf52840_xxaa/main.c.o
 .text.on_conn_params_evt
                0x0002b6b4       0x24 _build/nrf52840_xxaa/main.c.o
 .text.button_event_handler
                0x0002b6d8       0x60 _build/nrf52840_xxaa/main.c.o
 .text.led_write_handler
                0x0002b738       0x44 _build/nrf52840_xxaa/main.c.o
 .text.conn_params_error_handler
                0x0002b77c        0x4 _build/nrf52840_xxaa/main.c.o
 .text.ble_evt_handler
                0x0002b780      0x154 _build/nrf52840_xxaa/main.c.o
 .text.startup.main
                0x0002b8d4      0x2a4 _build/nrf52840_xxaa/main.c.o
                0x0002b8d4                main
 .text.sd_ble_gatts_service_add
                0x0002bb78        0x4 _build/nrf52840_xxaa/ble_cus.c.o
 .text.sd_ble_gatts_characteristic_add
                0x0002bb7c        0x4 _build/nrf52840_xxaa/ble_cus.c.o
 .text.sd_ble_uuid_vs_add
                0x0002bb80        0x4 _build/nrf52840_xxaa/ble_cus.c.o
 .text.ble_cus_init
                0x0002bb84       0xe8 _build/nrf52840_xxaa/ble_cus.c.o
                0x0002bb84                ble_cus_init
 .text.ble_cus_on_ble_evt
                0x0002bc6c       0x38 _build/nrf52840_xxaa/ble_cus.c.o
                0x0002bc6c                ble_cus_on_ble_evt
 .text.sd_ble_gap_addr_get
                0x0002bca4        0x4 _build/nrf52840_xxaa/ble_advdata.c.o
 .text.sd_ble_gap_appearance_get
                0x0002bca8        0x4 _build/nrf52840_xxaa/ble_advdata.c.o
 .text.sd_ble_gap_device_name_get
                0x0002bcac        0x4 _build/nrf52840_xxaa/ble_advdata.c.o
 .text.sd_ble_uuid_encode
                0x0002bcb0        0x4 _build/nrf52840_xxaa/ble_advdata.c.o
 .text.uuid_list_sized_encode.isra.0
                0x0002bcb4       0xec _build/nrf52840_xxaa/ble_advdata.c.o
 .text.ble_advdata_encode
                0x0002bda0      0x410 _build/nrf52840_xxaa/ble_advdata.c.o
                0x0002bda0                ble_advdata_encode
 .text.sd_ble_gap_conn_param_update
                0x0002c1b0        0x4 _build/nrf52840_xxaa/ble_conn_params.c.o
 .text.sd_ble_gap_disconnect
                0x0002c1b4        0x4 _build/nrf52840_xxaa/ble_conn_params.c.o
 .text.sd_ble_gap_ppcp_set
                0x0002c1b8        0x4 _build/nrf52840_xxaa/ble_conn_params.c.o
 .text.sd_ble_gap_ppcp_get
                0x0002c1bc        0x4 _build/nrf52840_xxaa/ble_conn_params.c.o
 .text.update_timeout_handler
                0x0002c1c0       0x78 _build/nrf52840_xxaa/ble_conn_params.c.o
 .text.ble_evt_handler
                0x0002c238      0x1ec _build/nrf52840_xxaa/ble_conn_params.c.o
 .text.ble_conn_params_init
                0x0002c424       0x78 _build/nrf52840_xxaa/ble_conn_params.c.o
                0x0002c424                ble_conn_params_init
 .text.ble_evt_handler
                0x0002c49c      0x15c _build/nrf52840_xxaa/ble_conn_state.c.o
 .text.sd_ble_gatts_characteristic_add
                0x0002c5f8        0x4 _build/nrf52840_xxaa/ble_srv_common.c.o
 .text.ble_srv_is_notification_enabled
                0x0002c5fc        0x8 _build/nrf52840_xxaa/ble_srv_common.c.o
                0x0002c5fc                ble_srv_is_notification_enabled
 .text.characteristic_add
                0x0002c604      0x270 _build/nrf52840_xxaa/ble_srv_common.c.o
                0x0002c604                characteristic_add
 .text.sd_ble_gap_data_length_update
                0x0002c874        0x4 _build/nrf52840_xxaa/nrf_ble_gatt.c.o
 .text.sd_ble_gattc_exchange_mtu_request
                0x0002c878        0x4 _build/nrf52840_xxaa/nrf_ble_gatt.c.o
 .text.sd_ble_gatts_exchange_mtu_reply
                0x0002c87c        0x4 _build/nrf52840_xxaa/nrf_ble_gatt.c.o
 .text.data_length_update.constprop.6
                0x0002c880       0x8c _build/nrf52840_xxaa/nrf_ble_gatt.c.o
 .text.nrf_ble_gatt_init
                0x0002c90c       0x28 _build/nrf52840_xxaa/nrf_ble_gatt.c.o
                0x0002c90c                nrf_ble_gatt_init
 .text.nrf_ble_gatt_on_ble_evt
                0x0002c934      0x1b4 _build/nrf52840_xxaa/nrf_ble_gatt.c.o
                0x0002c934                nrf_ble_gatt_on_ble_evt
 .text.sd_ble_gatts_rw_authorize_reply
                0x0002cae8        0x4 _build/nrf52840_xxaa/nrf_ble_qwr.c.o
 .text.sd_ble_user_mem_reply
                0x0002caec        0x4 _build/nrf52840_xxaa/nrf_ble_qwr.c.o
 .text.nrf_ble_qwr_init
                0x0002caf0       0x24 _build/nrf52840_xxaa/nrf_ble_qwr.c.o
                0x0002caf0                nrf_ble_qwr_init
 .text.nrf_ble_qwr_conn_handle_assign
                0x0002cb14       0x18 _build/nrf52840_xxaa/nrf_ble_qwr.c.o
                0x0002cb14                nrf_ble_qwr_conn_handle_assign
 .text.nrf_ble_qwr_on_ble_evt
                0x0002cb2c       0xf0 _build/nrf52840_xxaa/nrf_ble_qwr.c.o
                0x0002cb2c                nrf_ble_qwr_on_ble_evt
 .text.sd_ble_gatts_service_add
                0x0002cc1c        0x4 _build/nrf52840_xxaa/ble_lbs.c.o
 .text.sd_ble_gatts_hvx
                0x0002cc20        0x4 _build/nrf52840_xxaa/ble_lbs.c.o
 .text.sd_ble_uuid_vs_add
                0x0002cc24        0x4 _build/nrf52840_xxaa/ble_lbs.c.o
 .text.ble_lbs_on_ble_evt
                0x0002cc28       0x30 _build/nrf52840_xxaa/ble_lbs.c.o
                0x0002cc28                ble_lbs_on_ble_evt
 .text.ble_lbs_init
                0x0002cc58       0xd0 _build/nrf52840_xxaa/ble_lbs.c.o
                0x0002cc58                ble_lbs_init
 .text.ble_lbs_on_button_change
                0x0002cd28       0x40 _build/nrf52840_xxaa/ble_lbs.c.o
                0x0002cd28                ble_lbs_on_button_change
 .text.sd_softdevice_enable
                0x0002cd68        0x4 _build/nrf52840_xxaa/nrf_sdh.c.o
 .text.nrf_sdh_enable_request
                0x0002cd6c      0x118 _build/nrf52840_xxaa/nrf_sdh.c.o
                0x0002cd6c                nrf_sdh_enable_request
 .text.nrf_sdh_is_enabled
                0x0002ce84        0xc _build/nrf52840_xxaa/nrf_sdh.c.o
                0x0002ce84                nrf_sdh_is_enabled
 .text.SWI2_EGU2_IRQHandler
                0x0002ce90       0x2c _build/nrf52840_xxaa/nrf_sdh.c.o
                0x0002ce90                SWI2_EGU2_IRQHandler
 .text.sd_ble_enable
                0x0002cebc        0x4 _build/nrf52840_xxaa/nrf_sdh_ble.c.o
 .text.sd_ble_cfg_set
                0x0002cec0        0x4 _build/nrf52840_xxaa/nrf_sdh_ble.c.o
 .text.sd_ble_evt_get
                0x0002cec4        0x4 _build/nrf52840_xxaa/nrf_sdh_ble.c.o
 .text.nrf_sdh_ble_evts_poll
                0x0002cec8       0x5c _build/nrf52840_xxaa/nrf_sdh_ble.c.o
 .text.nrf_sdh_ble_default_cfg_set
                0x0002cf24      0x17c _build/nrf52840_xxaa/nrf_sdh_ble.c.o
                0x0002cf24                nrf_sdh_ble_default_cfg_set
 .text.nrf_sdh_ble_enable
                0x0002d0a0       0x9c _build/nrf52840_xxaa/nrf_sdh_ble.c.o
                0x0002d0a0                nrf_sdh_ble_enable
 .text.sd_evt_get
                0x0002d13c        0x4 _build/nrf52840_xxaa/nrf_sdh_soc.c.o
 .text.nrf_sdh_soc_evts_poll
                0x0002d140       0x4c _build/nrf52840_xxaa/nrf_sdh_soc.c.o
 .text.exit     0x0002d18c       0x28 c:/nrf/8-2019-q3-update/bin/../lib/gcc/arm-none-eabi/8.3.1/../../../../arm-none-eabi/lib/thumb/v7e-m+fp/hard\libc_nano.a(lib_a-exit.o)
                0x0002d18c                exit
 .text.__libc_init_array
                0x0002d1b4       0x48 c:/nrf/8-2019-q3-update/bin/../lib/gcc/arm-none-eabi/8.3.1/../../../../arm-none-eabi/lib/thumb/v7e-m+fp/hard\libc_nano.a(lib_a-init.o)
                0x0002d1b4                __libc_init_array
 .text.memcpy   0x0002d1fc       0x1c c:/nrf/8-2019-q3-update/bin/../lib/gcc/arm-none-eabi/8.3.1/../../../../arm-none-eabi/lib/thumb/v7e-m+fp/hard\libc_nano.a(lib_a-memcpy-stub.o)
                0x0002d1fc                memcpy
 .text.memset   0x0002d218       0x10 c:/nrf/8-2019-q3-update/bin/../lib/gcc/arm-none-eabi/8.3.1/../../../../arm-none-eabi/lib/thumb/v7e-m+fp/hard\libc_nano.a(lib_a-memset.o)
                0x0002d218                memset
 .text          0x0002d228       0x10 c:/nrf/8-2019-q3-update/bin/../lib/gcc/arm-none-eabi/8.3.1/../../../../arm-none-eabi/lib/thumb/v7e-m+fp/hard\libc_nano.a(lib_a-strlen.o)
                0x0002d228                strlen
 .text._exit    0x0002d238        0x4 c:/nrf/8-2019-q3-update/bin/../lib/gcc/arm-none-eabi/8.3.1/../../../../arm-none-eabi/lib/thumb/v7e-m+fp/hard\libnosys.a(_exit.o)
                0x0002d238                _exit
 *(.init)
 .init          0x0002d23c        0x4 c:/nrf/8-2019-q3-update/bin/../lib/gcc/arm-none-eabi/8.3.1/thumb/v7e-m+fp/hard/crti.o
                0x0002d23c                _init
 .init          0x0002d240        0x8 c:/nrf/8-2019-q3-update/bin/../lib/gcc/arm-none-eabi/8.3.1/thumb/v7e-m+fp/hard/crtn.o
 *(.fini)
 .fini          0x0002d248        0x4 c:/nrf/8-2019-q3-update/bin/../lib/gcc/arm-none-eabi/8.3.1/thumb/v7e-m+fp/hard/crti.o
                0x0002d248                _fini
 .fini          0x0002d24c        0x8 c:/nrf/8-2019-q3-update/bin/../lib/gcc/arm-none-eabi/8.3.1/thumb/v7e-m+fp/hard/crtn.o
 *crtbegin.o(.ctors)
 *crtbegin?.o(.ctors)
 *(EXCLUDE_FILE(*crtend.o *crtend?.o) .ctors)
 *(SORT_BY_NAME(.ctors.*))
 *(.ctors)
 *crtbegin.o(.dtors)
 *crtbegin?.o(.dtors)
 *(EXCLUDE_FILE(*crtend.o *crtend?.o) .dtors)
 *(SORT_BY_NAME(.dtors.*))
 *(.dtors)
 *(.rodata*)
 .rodata        0x0002d254       0x20 _build/nrf52840_xxaa/nrf_log_backend_uart.c.o
 .rodata.nrf_log_backend_uart_api
                0x0002d274        0xc _build/nrf52840_xxaa/nrf_log_backend_uart.c.o
                0x0002d274                nrf_log_backend_uart_api
 .rodata.str1.4
                0x0002d280       0x11 _build/nrf52840_xxaa/nrf_log_default_backends.c.o
 *fill*         0x0002d291        0x3 
 .rodata.m_log_push_ringbuf
                0x0002d294        0xc _build/nrf52840_xxaa/nrf_log_frontend.c.o
 .rodata.nrf_log_frontend_dequeue.str1.4
                0x0002d2a0       0x11 _build/nrf52840_xxaa/nrf_log_frontend.c.o
 *fill*         0x0002d2b1        0x3 
 .rodata.str1.4
                0x0002d2b4        0x4 _build/nrf52840_xxaa/nrf_log_frontend.c.o
 .rodata.m_colors
                0x0002d2b8       0x24 _build/nrf52840_xxaa/nrf_log_str_formatter.c.o
 .rodata.nrf_log_hexdump_entry_process.str1.4
                0x0002d2dc       0x13 _build/nrf52840_xxaa/nrf_log_str_formatter.c.o
                                 0x16 (size before relaxing)
 *fill*         0x0002d2ef        0x1 
 .rodata.nrf_log_std_entry_process.str1.4
                0x0002d2f0        0x3 _build/nrf52840_xxaa/nrf_log_str_formatter.c.o
 *fill*         0x0002d2f3        0x1 
 .rodata.prefix_process.str1.4
                0x0002d2f4       0x36 _build/nrf52840_xxaa/nrf_log_str_formatter.c.o
 *fill*         0x0002d32a        0x2 
 .rodata.severity_names
                0x0002d32c       0x14 _build/nrf52840_xxaa/nrf_log_str_formatter.c.o
 .rodata.str1.4
                0x0002d340       0x56 _build/nrf52840_xxaa/nrf_log_str_formatter.c.o
 *fill*         0x0002d396        0x2 
 .rodata.m_detection_delay_timer_id
                0x0002d398        0x4 _build/nrf52840_xxaa/app_button.c.o
 .rodata.str1.4
                0x0002d39c        0xb _build/nrf52840_xxaa/app_button.c.o
 *fill*         0x0002d3a7        0x1 
 .rodata.app_error_fault_handler.str1.4
                0x0002d3a8       0x19 _build/nrf52840_xxaa/app_error_weak.c.o
 *fill*         0x0002d3c1        0x3 
 .rodata        0x0002d3c4        0x4 _build/nrf52840_xxaa/app_timer2.c.o
 .rodata.m_app_timer_sortlist
                0x0002d3c8        0xc _build/nrf52840_xxaa/app_timer2.c.o
 .rodata.str1.4
                0x0002d3d4        0xa _build/nrf52840_xxaa/app_timer2.c.o
 *fill*         0x0002d3de        0x2 
 .rodata.delay_machine_code.8804
                0x0002d3e0        0x6 _build/nrf52840_xxaa/drv_rtc.c.o
 *fill*         0x0002d3e6        0x2 
 .rodata.drv_rtc_init.str1.4
                0x0002d3e8       0x36 _build/nrf52840_xxaa/drv_rtc.c.o
 *fill*         0x0002d41e        0x2 
 .rodata._aV2C.7864
                0x0002d420       0x10 _build/nrf52840_xxaa/nrf_fprintf_format.c.o
 .rodata.pwr_mgmt_data
                0x0002d430        0xc _build/nrf52840_xxaa/nrf_pwr_mgmt.c.o
 .rodata.str1.4
                0x0002d43c        0x9 _build/nrf52840_xxaa/nrf_pwr_mgmt.c.o
 *fill*         0x0002d445        0x3 
 .rodata.str1.4
                0x0002d448        0x9 _build/nrf52840_xxaa/nrf_sortlist.c.o
 *fill*         0x0002d451        0x3 
 .rodata.m_unknown_str
                0x0002d454       0x13 _build/nrf52840_xxaa/nrf_strerror.c.o
 *fill*         0x0002d467        0x1 
 .rodata.nrf_strerror_array
                0x0002d468      0x128 _build/nrf52840_xxaa/nrf_strerror.c.o
 .rodata.str1.4
                0x0002d590      0x3e9 _build/nrf52840_xxaa/nrf_strerror.c.o
 *fill*         0x0002d979        0x3 
 .rodata.m_board_led_list
                0x0002d97c        0x4 _build/nrf52840_xxaa/boards.c.o
 .rodata.str1.4
                0x0002d980        0x6 _build/nrf52840_xxaa/nrf_drv_clock.c.o
 *fill*         0x0002d986        0x2 
 .rodata.str1.4
                0x0002d988        0x6 _build/nrf52840_xxaa/nrfx_clock.c.o
 *fill*         0x0002d98e        0x2 
 .rodata.str1.4
                0x0002d990        0x7 _build/nrf52840_xxaa/nrfx_gpiote.c.o
 *fill*         0x0002d997        0x1 
 .rodata.str1.4
                0x0002d998        0x4 _build/nrf52840_xxaa/nrfx_prs.c.o
 .rodata.str1.4
                0x0002d99c        0x5 _build/nrf52840_xxaa/nrfx_uart.c.o
 *fill*         0x0002d9a1        0x3 
 .rodata.str1.4
                0x0002d9a4        0x6 _build/nrf52840_xxaa/nrfx_uarte.c.o
 *fill*         0x0002d9aa        0x2 
 .rodata        0x0002d9ac        0x4 _build/nrf52840_xxaa/main.c.o
 .rodata.ble_evt_handler.str1.4
                0x0002d9b0       0x19 _build/nrf52840_xxaa/main.c.o
 *fill*         0x0002d9c9        0x3 
 .rodata.button_event_handler.str1.4
                0x0002d9cc       0x1a _build/nrf52840_xxaa/main.c.o
 *fill*         0x0002d9e6        0x2 
 .rodata.led_write_handler.str1.4
                0x0002d9e8       0x26 _build/nrf52840_xxaa/main.c.o
 *fill*         0x0002da0e        0x2 
 .rodata.main.str1.4
                0x0002da10       0x28 _build/nrf52840_xxaa/main.c.o
 .rodata        0x0002da38       0x10 _build/nrf52840_xxaa/ble_cus.c.o
 .rodata.data_length_update.constprop.6.str1.4
                0x0002da48       0xe2 _build/nrf52840_xxaa/nrf_ble_gatt.c.o
 *fill*         0x0002db2a        0x2 
 .rodata.nrf_ble_gatt_on_ble_evt.str1.4
                0x0002db2c       0x63 _build/nrf52840_xxaa/nrf_ble_gatt.c.o
 *fill*         0x0002db8f        0x1 
 .rodata.str1.4
                0x0002db90        0xd _build/nrf52840_xxaa/nrf_ble_gatt.c.o
 *fill*         0x0002db9d        0x3 
 .rodata        0x0002dba0       0x10 _build/nrf52840_xxaa/ble_lbs.c.o
 .rodata        0x0002dbb0        0x4 _build/nrf52840_xxaa/nrf_sdh.c.o
 .rodata.sdh_req_observers
                0x0002dbb4        0xc _build/nrf52840_xxaa/nrf_sdh.c.o
 .rodata.sdh_stack_observers
                0x0002dbc0        0xc _build/nrf52840_xxaa/nrf_sdh.c.o
 .rodata.sdh_state_observers
                0x0002dbcc        0xc _build/nrf52840_xxaa/nrf_sdh.c.o
 .rodata.str1.4
                0x0002dbd8        0x8 _build/nrf52840_xxaa/nrf_sdh.c.o
 .rodata.nrf_sdh_ble_default_cfg_set.str1.4
                0x0002dbe0      0x187 _build/nrf52840_xxaa/nrf_sdh_ble.c.o
 *fill*         0x0002dd67        0x1 
 .rodata.nrf_sdh_ble_enable.str1.4
                0x0002dd68       0xad _build/nrf52840_xxaa/nrf_sdh_ble.c.o
 *fill*         0x0002de15        0x3 
 .rodata.sdh_ble_observers
                0x0002de18        0xc _build/nrf52840_xxaa/nrf_sdh_ble.c.o
 .rodata.str1.4
                0x0002de24        0xc _build/nrf52840_xxaa/nrf_sdh_ble.c.o
 .rodata.sdh_soc_observers
                0x0002de30        0xc _build/nrf52840_xxaa/nrf_sdh_soc.c.o
 .rodata.str1.4
                0x0002de3c        0xc _build/nrf52840_xxaa/nrf_sdh_soc.c.o
 .rodata._ctype_
                0x0002de48      0x101 c:/nrf/8-2019-q3-update/bin/../lib/gcc/arm-none-eabi/8.3.1/../../../../arm-none-eabi/lib/thumb/v7e-m+fp/hard\libc_nano.a(lib_a-ctype_.o)
                0x0002de48                _ctype_
 *fill*         0x0002df49        0x3 
 .rodata._global_impure_ptr
                0x0002df4c        0x4 c:/nrf/8-2019-q3-update/bin/../lib/gcc/arm-none-eabi/8.3.1/../../../../arm-none-eabi/lib/thumb/v7e-m+fp/hard\libc_nano.a(lib_a-impure.o)
                0x0002df4c                _global_impure_ptr
 *(.eh_frame*)
 .eh_frame      0x0002df50        0x0 c:/nrf/8-2019-q3-update/bin/../lib/gcc/arm-none-eabi/8.3.1/thumb/v7e-m+fp/hard/crtbegin.o
 .eh_frame      0x0002df50        0x4 c:/nrf/8-2019-q3-update/bin/../lib/gcc/arm-none-eabi/8.3.1/thumb/v7e-m+fp/hard/crtend.o

.glue_7         0x0002df54        0x0
 .glue_7        0x0002df54        0x0 linker stubs

.glue_7t        0x0002df54        0x0
 .glue_7t       0x0002df54        0x0 linker stubs

.vfp11_veneer   0x0002df54        0x0
 .vfp11_veneer  0x0002df54        0x0 linker stubs

.v4_bx          0x0002df54        0x0
 .v4_bx         0x0002df54        0x0 linker stubs

.iplt           0x0002df54        0x0
 .iplt          0x0002df54        0x0 c:/nrf/8-2019-q3-update/bin/../lib/gcc/arm-none-eabi/8.3.1/thumb/v7e-m+fp/hard/crtbegin.o

.mem_section_dummy_rom

.sdh_soc_observers
                0x0002df54        0x8
                0x0002df54                PROVIDE (__start_sdh_soc_observers = .)
 *(SORT_BY_NAME(.sdh_soc_observers*))
 .sdh_soc_observers0
                0x0002df54        0x8 _build/nrf52840_xxaa/nrf_drv_clock.c.o
                0x0002df5c                PROVIDE (__stop_sdh_soc_observers = .)

.pwr_mgmt_data  0x0002df5c        0x0
                0x0002df5c                PROVIDE (__start_pwr_mgmt_data = .)
 *(SORT_BY_NAME(.pwr_mgmt_data*))
                0x0002df5c                PROVIDE (__stop_pwr_mgmt_data = .)

.sdh_ble_observers
                0x0002df5c       0x38
                0x0002df5c                PROVIDE (__start_sdh_ble_observers = .)
 *(SORT_BY_NAME(.sdh_ble_observers*))
 .sdh_ble_observers0
                0x0002df5c        0x8 _build/nrf52840_xxaa/ble_conn_state.c.o
 .sdh_ble_observers1
                0x0002df64        0x8 _build/nrf52840_xxaa/main.c.o
 .sdh_ble_observers1
                0x0002df6c        0x8 _build/nrf52840_xxaa/ble_conn_params.c.o
 .sdh_ble_observers2
                0x0002df74       0x18 _build/nrf52840_xxaa/main.c.o
 .sdh_ble_observers3
                0x0002df8c        0x8 _build/nrf52840_xxaa/main.c.o
                0x0002df94                PROVIDE (__stop_sdh_ble_observers = .)

.sdh_req_observers
                0x0002df94        0x0
                0x0002df94                PROVIDE (__start_sdh_req_observers = .)
 *(SORT_BY_NAME(.sdh_req_observers*))
                0x0002df94                PROVIDE (__stop_sdh_req_observers = .)

.sdh_state_observers
                0x0002df94        0x8
                0x0002df94                PROVIDE (__start_sdh_state_observers = .)
 *(SORT_BY_NAME(.sdh_state_observers*))
 .sdh_state_observers0
                0x0002df94        0x8 _build/nrf52840_xxaa/nrf_drv_clock.c.o
                0x0002df9c                PROVIDE (__stop_sdh_state_observers = .)

.sdh_stack_observers
                0x0002df9c       0x10
                0x0002df9c                PROVIDE (__start_sdh_stack_observers = .)
 *(SORT_BY_NAME(.sdh_stack_observers*))
 .sdh_stack_observers0
                0x0002df9c        0x8 _build/nrf52840_xxaa/nrf_sdh_ble.c.o
 .sdh_stack_observers0
                0x0002dfa4        0x8 _build/nrf52840_xxaa/nrf_sdh_soc.c.o
                0x0002dfac                PROVIDE (__stop_sdh_stack_observers = .)

.nrf_queue      0x0002dfac        0x0
                [!provide]                PROVIDE (__start_nrf_queue = .)
 *(.nrf_queue)
                [!provide]                PROVIDE (__stop_nrf_queue = .)

.nrf_balloc     0x0002dfac       0x14
                [!provide]                PROVIDE (__start_nrf_balloc = .)
 *(.nrf_balloc)
 .nrf_balloc    0x0002dfac       0x14 _build/nrf52840_xxaa/nrf_log_frontend.c.o
                0x0002dfac                log_mempool
                [!provide]                PROVIDE (__stop_nrf_balloc = .)

.cli_command    0x0002dfc0        0x0
                [!provide]                PROVIDE (__start_cli_command = .)
 *(.cli_command)
                [!provide]                PROVIDE (__stop_cli_command = .)

.crypto_data    0x0002dfc0        0x0
                [!provide]                PROVIDE (__start_crypto_data = .)
 *(SORT_BY_NAME(.crypto_data*))
                [!provide]                PROVIDE (__stop_crypto_data = .)

.log_const_data
                0x0002dfc0       0x78
                0x0002dfc0                PROVIDE (__start_log_const_data = .)
 *(SORT_BY_NAME(.log_const_data*))
 .log_const_data_CLOCK
                0x0002dfc0        0x8 _build/nrf52840_xxaa/nrfx_clock.c.o
                0x0002dfc0                m_nrf_log_CLOCK_logs_data_const
 .log_const_data_GPIOTE
                0x0002dfc8        0x8 _build/nrf52840_xxaa/nrfx_gpiote.c.o
                0x0002dfc8                m_nrf_log_GPIOTE_logs_data_const
 .log_const_data_PRS
                0x0002dfd0        0x8 _build/nrf52840_xxaa/nrfx_prs.c.o
                0x0002dfd0                m_nrf_log_PRS_logs_data_const
 .log_const_data_UART
                0x0002dfd8        0x8 _build/nrf52840_xxaa/nrfx_uart.c.o
                0x0002dfd8                m_nrf_log_UART_logs_data_const
 .log_const_data_UARTE
                0x0002dfe0        0x8 _build/nrf52840_xxaa/nrfx_uarte.c.o
                0x0002dfe0                m_nrf_log_UARTE_logs_data_const
 .log_const_data_app
                0x0002dfe8        0x8 _build/nrf52840_xxaa/nrf_log_frontend.c.o
                0x0002dfe8                m_nrf_log_app_logs_data_const
 .log_const_data_app_button
                0x0002dff0        0x8 _build/nrf52840_xxaa/app_button.c.o
                0x0002dff0                m_nrf_log_app_button_logs_data_const
 .log_const_data_app_timer
                0x0002dff8        0x8 _build/nrf52840_xxaa/app_timer2.c.o
                0x0002dff8                m_nrf_log_app_timer_logs_data_const
 .log_const_data_clock
                0x0002e000        0x8 _build/nrf52840_xxaa/nrf_drv_clock.c.o
                0x0002e000                m_nrf_log_clock_logs_data_const
 .log_const_data_nrf_ble_gatt
                0x0002e008        0x8 _build/nrf52840_xxaa/nrf_ble_gatt.c.o
                0x0002e008                m_nrf_log_nrf_ble_gatt_logs_data_const
 .log_const_data_nrf_sdh
                0x0002e010        0x8 _build/nrf52840_xxaa/nrf_sdh.c.o
                0x0002e010                m_nrf_log_nrf_sdh_logs_data_const
 .log_const_data_nrf_sdh_ble
                0x0002e018        0x8 _build/nrf52840_xxaa/nrf_sdh_ble.c.o
                0x0002e018                m_nrf_log_nrf_sdh_ble_logs_data_const
 .log_const_data_nrf_sdh_soc
                0x0002e020        0x8 _build/nrf52840_xxaa/nrf_sdh_soc.c.o
                0x0002e020                m_nrf_log_nrf_sdh_soc_logs_data_const
 .log_const_data_pwr_mgmt
                0x0002e028        0x8 _build/nrf52840_xxaa/nrf_pwr_mgmt.c.o
                0x0002e028                m_nrf_log_pwr_mgmt_logs_data_const
 .log_const_data_sortlist
                0x0002e030        0x8 _build/nrf52840_xxaa/nrf_sortlist.c.o
                0x0002e030                m_nrf_log_sortlist_logs_data_const
                0x0002e038                PROVIDE (__stop_log_const_data = .)

.log_backends   0x0002e038       0x10
                [!provide]                PROVIDE (__start_log_backends = .)
 *(SORT_BY_NAME(.log_backends*))
 .log_backends  0x0002e038       0x10 _build/nrf52840_xxaa/nrf_log_default_backends.c.o
                [!provide]                PROVIDE (__stop_log_backends = .)

.ARM.extab
 *(.ARM.extab* .gnu.linkonce.armextab.*)
                0x0002e048                __exidx_start = .

.ARM.exidx      0x0002e048        0x8
 *(.ARM.exidx* .gnu.linkonce.armexidx.*)
 .ARM.exidx     0x0002e048        0x8 c:/nrf/8-2019-q3-update/bin/../lib/gcc/arm-none-eabi/8.3.1/../../../../arm-none-eabi/lib/thumb/v7e-m+fp/hard/crt0.o
                0x0002e050                __exidx_end = .
                0x0002e050                __etext = .

.rel.dyn        0x0002e050        0x0
 .rel.iplt      0x0002e050        0x0 c:/nrf/8-2019-q3-update/bin/../lib/gcc/arm-none-eabi/8.3.1/thumb/v7e-m+fp/hard/crtbegin.o

.data           0x20002300       0xac load address 0x0002e050
                0x20002300                __data_start__ = .
 *(vtable)
 *(.data*)
 .data.m_uart   0x20002300       0x14 _build/nrf52840_xxaa/nrf_log_backend_uart.c.o
                0x20002300                m_uart
 .data.log_backend_cb_uart_log_backend
                0x20002314        0x8 _build/nrf52840_xxaa/nrf_log_default_backends.c.o
 .data.m_rtc_inst
                0x2000231c        0x8 _build/nrf52840_xxaa/app_timer2.c.o
 .data.SystemCoreClock
                0x20002324        0x4 _build/nrf52840_xxaa/system_nrf52840.c.o
                0x20002324                SystemCoreClock
 .data.buttons.11862
                0x20002328        0x8 _build/nrf52840_xxaa/main.c.o
 .data.m_adv_data
                0x20002330       0x10 _build/nrf52840_xxaa/main.c.o
 .data.m_adv_handle
                0x20002340        0x1 _build/nrf52840_xxaa/main.c.o
 *fill*         0x20002341        0x1 
 .data.m_conn_handle
                0x20002342        0x2 _build/nrf52840_xxaa/main.c.o
 .data.impure_data
                0x20002344       0x60 c:/nrf/8-2019-q3-update/bin/../lib/gcc/arm-none-eabi/8.3.1/../../../../arm-none-eabi/lib/thumb/v7e-m+fp/hard\libc_nano.a(lib_a-impure.o)
                0x200023a4                . = ALIGN (0x4)
                0x200023a4                PROVIDE (__preinit_array_start = .)
 *(.preinit_array)
                0x200023a4                PROVIDE (__preinit_array_end = .)
                0x200023a4                . = ALIGN (0x4)
                0x200023a4                PROVIDE (__init_array_start = .)
 *(SORT_BY_NAME(.init_array.*))
 *(.init_array)
 .init_array    0x200023a4        0x4 c:/nrf/8-2019-q3-update/bin/../lib/gcc/arm-none-eabi/8.3.1/thumb/v7e-m+fp/hard/crtbegin.o
                0x200023a8                PROVIDE (__init_array_end = .)
                0x200023a8                . = ALIGN (0x4)
                [!provide]                PROVIDE (__fini_array_start = .)
 *(SORT_BY_NAME(.fini_array.*))
 *(.fini_array)
 .fini_array    0x200023a8        0x4 c:/nrf/8-2019-q3-update/bin/../lib/gcc/arm-none-eabi/8.3.1/thumb/v7e-m+fp/hard/crtbegin.o
                [!provide]                PROVIDE (__fini_array_end = .)
 *(.jcr*)
                0x200023ac                . = ALIGN (0x4)
                0x200023ac                __data_end__ = .
LOAD c:/nrf/8-2019-q3-update/bin/../lib/gcc/arm-none-eabi/8.3.1/thumb/v7e-m+fp/hard/crti.o
LOAD c:/nrf/8-2019-q3-update/bin/../lib/gcc/arm-none-eabi/8.3.1/thumb/v7e-m+fp/hard/crtbegin.o
LOAD c:/nrf/8-2019-q3-update/bin/../lib/gcc/arm-none-eabi/8.3.1/../../../../arm-none-eabi/lib/thumb/v7e-m+fp/hard/crt0.o
LOAD _build/nrf52840_xxaa/gcc_startup_nrf52840.S.o
LOAD _build/nrf52840_xxaa/nrf_log_backend_rtt.c.o
LOAD _build/nrf52840_xxaa/nrf_log_backend_serial.c.o
LOAD _build/nrf52840_xxaa/nrf_log_backend_uart.c.o
LOAD _build/nrf52840_xxaa/nrf_log_default_backends.c.o
LOAD _build/nrf52840_xxaa/nrf_log_frontend.c.o
LOAD _build/nrf52840_xxaa/nrf_log_str_formatter.c.o
LOAD _build/nrf52840_xxaa/app_button.c.o
LOAD _build/nrf52840_xxaa/app_error.c.o
LOAD _build/nrf52840_xxaa/app_error_handler_gcc.c.o
LOAD _build/nrf52840_xxaa/app_error_weak.c.o
LOAD _build/nrf52840_xxaa/app_scheduler.c.o
LOAD _build/nrf52840_xxaa/app_timer2.c.o
LOAD _build/nrf52840_xxaa/app_util_platform.c.o
LOAD _build/nrf52840_xxaa/drv_rtc.c.o
LOAD _build/nrf52840_xxaa/hardfault_implementation.c.o
LOAD _build/nrf52840_xxaa/nrf_assert.c.o
LOAD _build/nrf52840_xxaa/nrf_atfifo.c.o
LOAD _build/nrf52840_xxaa/nrf_atflags.c.o
LOAD _build/nrf52840_xxaa/nrf_atomic.c.o
LOAD _build/nrf52840_xxaa/nrf_balloc.c.o
LOAD _build/nrf52840_xxaa/nrf_fprintf.c.o
LOAD _build/nrf52840_xxaa/nrf_fprintf_format.c.o
LOAD _build/nrf52840_xxaa/nrf_memobj.c.o
LOAD _build/nrf52840_xxaa/nrf_pwr_mgmt.c.o
LOAD _build/nrf52840_xxaa/nrf_ringbuf.c.o
LOAD _build/nrf52840_xxaa/nrf_section_iter.c.o
LOAD _build/nrf52840_xxaa/nrf_sortlist.c.o
LOAD _build/nrf52840_xxaa/nrf_strerror.c.o
LOAD _build/nrf52840_xxaa/system_nrf52840.c.o
LOAD _build/nrf52840_xxaa/boards.c.o
LOAD _build/nrf52840_xxaa/nrf_drv_clock.c.o
LOAD _build/nrf52840_xxaa/nrf_drv_uart.c.o
LOAD _build/nrf52840_xxaa/nrfx_atomic.c.o
LOAD _build/nrf52840_xxaa/nrfx_clock.c.o
LOAD _build/nrf52840_xxaa/nrfx_gpiote.c.o
LOAD _build/nrf52840_xxaa/nrfx_prs.c.o
LOAD _build/nrf52840_xxaa/nrfx_uart.c.o
LOAD _build/nrf52840_xxaa/nrfx_uarte.c.o
LOAD _build/nrf52840_xxaa/main.c.o
LOAD _build/nrf52840_xxaa/ble_cus.c.o
LOAD _build/nrf52840_xxaa/SEGGER_RTT.c.o
LOAD _build/nrf52840_xxaa/SEGGER_RTT_Syscalls_GCC.c.o
LOAD _build/nrf52840_xxaa/SEGGER_RTT_printf.c.o
LOAD _build/nrf52840_xxaa/ble_advdata.c.o
LOAD _build/nrf52840_xxaa/ble_conn_params.c.o
LOAD _build/nrf52840_xxaa/ble_conn_state.c.o
LOAD _build/nrf52840_xxaa/ble_srv_common.c.o
LOAD _build/nrf52840_xxaa/nrf_ble_gatt.c.o
LOAD _build/nrf52840_xxaa/nrf_ble_qwr.c.o
LOAD _build/nrf52840_xxaa/utf.c.o
LOAD _build/nrf52840_xxaa/ble_lbs.c.o
LOAD _build/nrf52840_xxaa/nrf_sdh.c.o
LOAD _build/nrf52840_xxaa/nrf_sdh_ble.c.o
LOAD _build/nrf52840_xxaa/nrf_sdh_soc.c.o
LOAD c:/nrf/8-2019-q3-update/bin/../lib/gcc/arm-none-eabi/8.3.1/../../../../arm-none-eabi/lib/thumb/v7e-m+fp/hard\libc_nano.a
LOAD c:/nrf/8-2019-q3-update/bin/../lib/gcc/arm-none-eabi/8.3.1/../../../../arm-none-eabi/lib/thumb/v7e-m+fp/hard\libnosys.a
LOAD c:/nrf/8-2019-q3-update/bin/../lib/gcc/arm-none-eabi/8.3.1/../../../../arm-none-eabi/lib/thumb/v7e-m+fp/hard\libm.a
START GROUP
LOAD c:/nrf/8-2019-q3-update/bin/../lib/gcc/arm-none-eabi/8.3.1/thumb/v7e-m+fp/hard\libgcc.a
LOAD c:/nrf/8-2019-q3-update/bin/../lib/gcc/arm-none-eabi/8.3.1/../../../../arm-none-eabi/lib/thumb/v7e-m+fp/hard\libg_nano.a
LOAD c:/nrf/8-2019-q3-update/bin/../lib/gcc/arm-none-eabi/8.3.1/../../../../arm-none-eabi/lib/thumb/v7e-m+fp/hard\libc_nano.a
END GROUP
START GROUP
LOAD c:/nrf/8-2019-q3-update/bin/../lib/gcc/arm-none-eabi/8.3.1/thumb/v7e-m+fp/hard\libgcc.a
LOAD c:/nrf/8-2019-q3-update/bin/../lib/gcc/arm-none-eabi/8.3.1/../../../../arm-none-eabi/lib/thumb/v7e-m+fp/hard\libc_nano.a
END GROUP
LOAD c:/nrf/8-2019-q3-update/bin/../lib/gcc/arm-none-eabi/8.3.1/thumb/v7e-m+fp/hard/crtend.o
LOAD c:/nrf/8-2019-q3-update/bin/../lib/gcc/arm-none-eabi/8.3.1/thumb/v7e-m+fp/hard/crtn.o
START GROUP
LOAD c:/nrf/8-2019-q3-update/bin/../lib/gcc/arm-none-eabi/8.3.1/thumb/v7e-m+fp/hard\libgcc.a
LOAD c:/nrf/8-2019-q3-update/bin/../lib/gcc/arm-none-eabi/8.3.1/../../../../arm-none-eabi/lib/thumb/v7e-m+fp/hard\libc.a
LOAD c:/nrf/8-2019-q3-update/bin/../lib/gcc/arm-none-eabi/8.3.1/../../../../arm-none-eabi/lib/thumb/v7e-m+fp/hard\libnosys.a
END GROUP

.igot.plt       0x200023ac        0x0 load address 0x0002e0fc
 .igot.plt      0x200023ac        0x0 c:/nrf/8-2019-q3-update/bin/../lib/gcc/arm-none-eabi/8.3.1/thumb/v7e-m+fp/hard/crtbegin.o
                0x200023ac                . = ALIGN (0x4)

.mem_section_dummy_ram

.cli_sorted_cmd_ptrs
                0x200023ac        0x0
                [!provide]                PROVIDE (__start_cli_sorted_cmd_ptrs = .)
 *(.cli_sorted_cmd_ptrs)
                [!provide]                PROVIDE (__stop_cli_sorted_cmd_ptrs = .)

.fs_data        0x200023ac        0x0
                [!provide]                PROVIDE (__start_fs_data = .)
 *(.fs_data)
                [!provide]                PROVIDE (__stop_fs_data = .)

.log_dynamic_data
                0x200023ac        0x0
                0x200023ac                PROVIDE (__start_log_dynamic_data = .)
 *(SORT_BY_NAME(.log_dynamic_data*))
                [!provide]                PROVIDE (__stop_log_dynamic_data = .)

.log_filter_data
                0x200023ac        0x0
                [!provide]                PROVIDE (__start_log_filter_data = .)
 *(SORT_BY_NAME(.log_filter_data*))
                [!provide]                PROVIDE (__stop_log_filter_data = .)

.bss            0x200023b0      0x950 load address 0x0002e100
                0x200023b0                . = ALIGN (0x4)
                0x200023b0                __bss_start__ = .
 *(.bss*)
 .bss           0x200023b0       0x1c c:/nrf/8-2019-q3-update/bin/../lib/gcc/arm-none-eabi/8.3.1/thumb/v7e-m+fp/hard/crtbegin.o
 .bss.m_async_mode
                0x200023cc        0x1 _build/nrf52840_xxaa/nrf_log_backend_uart.c.o
 *fill*         0x200023cd        0x3 
 .bss.m_string_buff
                0x200023d0       0x40 _build/nrf52840_xxaa/nrf_log_backend_uart.c.o
 .bss.m_xfer_done
                0x20002410        0x1 _build/nrf52840_xxaa/nrf_log_backend_uart.c.o
 *fill*         0x20002411        0x3 
 .bss.log_mempool_nrf_balloc_cb
                0x20002414        0x8 _build/nrf52840_xxaa/nrf_log_frontend.c.o
 .bss.log_mempool_nrf_balloc_pool_mem
                0x2000241c       0xc0 _build/nrf52840_xxaa/nrf_log_frontend.c.o
 .bss.log_mempool_nrf_balloc_pool_stack
                0x200024dc        0x8 _build/nrf52840_xxaa/nrf_log_frontend.c.o
 .bss.m_log_data
                0x200024e4      0x420 _build/nrf52840_xxaa/nrf_log_frontend.c.o
 .bss.m_log_push_ringbuf_buf
                0x20002904       0x80 _build/nrf52840_xxaa/nrf_log_frontend.c.o
 .bss.m_log_push_ringbuf_cb
                0x20002984       0x18 _build/nrf52840_xxaa/nrf_log_frontend.c.o
 .bss.m_button_count
                0x2000299c        0x1 _build/nrf52840_xxaa/app_button.c.o
 *fill*         0x2000299d        0x3 
 .bss.m_detection_delay
                0x200029a0        0x4 _build/nrf52840_xxaa/app_button.c.o
 *fill*         0x200029a4        0x4 
 .bss.m_detection_delay_timer_id_data
                0x200029a8       0x20 _build/nrf52840_xxaa/app_button.c.o
 .bss.m_pin_active
                0x200029c8        0x8 _build/nrf52840_xxaa/app_button.c.o
 .bss.m_pin_states
                0x200029d0       0x20 _build/nrf52840_xxaa/app_button.c.o
 .bss.mp_buttons
                0x200029f0        0x4 _build/nrf52840_xxaa/app_button.c.o
 .bss.m_app_timer_sortlist_sortlist_cb
                0x200029f4        0x4 _build/nrf52840_xxaa/app_timer2.c.o
 .bss.m_base_counter
                0x200029f8        0x8 _build/nrf52840_xxaa/app_timer2.c.o
 .bss.m_global_active
                0x20002a00        0x1 _build/nrf52840_xxaa/app_timer2.c.o
 *fill*         0x20002a01        0x3 
 .bss.m_req_fifo_data
                0x20002a04       0x58 _build/nrf52840_xxaa/app_timer2.c.o
 .bss.m_req_fifo_inst
                0x20002a5c       0x10 _build/nrf52840_xxaa/app_timer2.c.o
 *fill*         0x20002a6c        0x4 
 .bss.m_stamp64
                0x20002a70        0x8 _build/nrf52840_xxaa/app_timer2.c.o
 .bss.mp_active_timer
                0x20002a78        0x4 _build/nrf52840_xxaa/app_timer2.c.o
 .bss.m_cb      0x20002a7c        0x8 _build/nrf52840_xxaa/drv_rtc.c.o
 .bss.m_handlers
                0x20002a84        0x4 _build/nrf52840_xxaa/drv_rtc.c.o
 .bss.m_handlers_iter
                0x20002a88        0x8 _build/nrf52840_xxaa/nrf_pwr_mgmt.c.o
 .bss.m_shutdown_started
                0x20002a90        0x1 _build/nrf52840_xxaa/nrf_pwr_mgmt.c.o
 *fill*         0x20002a91        0x3 
 .bss.m_sysoff_mtx
                0x20002a94        0x4 _build/nrf52840_xxaa/nrf_pwr_mgmt.c.o
 .bss.m_clock_cb
                0x20002a98       0x14 _build/nrf52840_xxaa/nrf_drv_clock.c.o
 .bss.m_contexts
                0x20002aac        0x8 _build/nrf52840_xxaa/nrf_drv_uart.c.o
 .bss.m_handlers
                0x20002ab4        0x8 _build/nrf52840_xxaa/nrf_drv_uart.c.o
 .bss.m_clock_cb
                0x20002abc        0x8 _build/nrf52840_xxaa/nrfx_clock.c.o
 .bss.m_cb      0x20002ac4       0x6c _build/nrf52840_xxaa/nrfx_gpiote.c.o
 .bss.m_prs_box_4
                0x20002b30        0x8 _build/nrf52840_xxaa/nrfx_prs.c.o
 .bss.m_cb      0x20002b38       0x2c _build/nrf52840_xxaa/nrfx_uart.c.o
 *fill*         0x20002b64        0x4 
 .bss.m_cb      0x20002b68       0x24 _build/nrf52840_xxaa/nrfx_uarte.c.o
 .bss.m_cus     0x20002b8c       0x14 _build/nrf52840_xxaa/main.c.o
 .bss.m_enc_advdata
                0x20002ba0       0x1f _build/nrf52840_xxaa/main.c.o
 *fill*         0x20002bbf        0x1 
 .bss.m_enc_scan_response_data
                0x20002bc0       0x1f _build/nrf52840_xxaa/main.c.o
 *fill*         0x20002bdf        0x1 
 .bss.m_gatt    0x20002be0       0x14 _build/nrf52840_xxaa/main.c.o
 .bss.m_lbs     0x20002bf4       0x18 _build/nrf52840_xxaa/main.c.o
 .bss.m_qwr     0x20002c0c        0xc _build/nrf52840_xxaa/main.c.o
 .bss.m_conn_params_config
                0x20002c18       0x1c _build/nrf52840_xxaa/ble_conn_params.c.o
 .bss.m_conn_params_instances
                0x20002c34       0x14 _build/nrf52840_xxaa/ble_conn_params.c.o
 .bss.m_preferred_conn_params
                0x20002c48        0x8 _build/nrf52840_xxaa/ble_conn_params.c.o
 .bss.m_timer_data
                0x20002c50       0x20 _build/nrf52840_xxaa/ble_conn_params.c.o
 .bss.m_bcs     0x20002c70       0x7c _build/nrf52840_xxaa/ble_conn_state.c.o
 .bss.m_nrf_sdh_continue
                0x20002cec        0x1 _build/nrf52840_xxaa/nrf_sdh.c.o
 .bss.m_nrf_sdh_enabled
                0x20002ced        0x1 _build/nrf52840_xxaa/nrf_sdh.c.o
 .bss.m_nrf_sdh_suspended
                0x20002cee        0x1 _build/nrf52840_xxaa/nrf_sdh.c.o
 .bss.m_stack_is_enabled
                0x20002cef        0x1 _build/nrf52840_xxaa/nrf_sdh_ble.c.o
 *(COMMON)
 COMMON         0x20002cf0        0xc _build/nrf52840_xxaa/app_util_platform.c.o
                0x20002cf0                nrf_nvic_state
 COMMON         0x20002cfc        0x2 _build/nrf52840_xxaa/nrf_drv_uart.c.o
                0x20002cfc                nrf_drv_uart_use_easy_dma
                0x20002d00                . = ALIGN (0x4)
 *fill*         0x20002cfe        0x2 
                0x20002d00                __bss_end__ = .

.heap           0x20002d00     0x2000
                0x20002d00                __HeapBase = .
                0x20002d00                __end__ = .
                [!provide]                PROVIDE (end = .)
 *(.heap*)
 .heap          0x20002d00     0x2000 _build/nrf52840_xxaa/gcc_startup_nrf52840.S.o
                0x20004d00                __HeapLimit = .

.stack_dummy    0x20002d00     0x2000
 *(.stack*)
 .stack         0x20002d00     0x2000 _build/nrf52840_xxaa/gcc_startup_nrf52840.S.o
                0x20040000                __StackTop = (ORIGIN (RAM) + LENGTH (RAM))
                0x2003e000                __StackLimit = (__StackTop - SIZEOF (.stack_dummy))
                0x20040000                PROVIDE (__stack = __StackTop)
                0x00000001                ASSERT ((__StackLimit >= __HeapLimit), region RAM overflowed with stack)
                0x000000b0                DataInitFlashUsed = (__bss_start__ - __data_start__)
                0x00007050                CodeFlashUsed = (__etext - ORIGIN (FLASH))
                0x00007100                TotalFlashUsed = (CodeFlashUsed + DataInitFlashUsed)
                0x00000001                ASSERT ((TotalFlashUsed <= LENGTH (FLASH)), region FLASH overflowed with .data and user data)
OUTPUT(_build/nrf52840_xxaa.out elf32-littlearm)

.ARM.attributes
                0x00000000       0x30
 .ARM.attributes
                0x00000000       0x1e c:/nrf/8-2019-q3-update/bin/../lib/gcc/arm-none-eabi/8.3.1/thumb/v7e-m+fp/hard/crti.o
 .ARM.attributes
                0x0000001e       0x34 c:/nrf/8-2019-q3-update/bin/../lib/gcc/arm-none-eabi/8.3.1/thumb/v7e-m+fp/hard/crtbegin.o
 .ARM.attributes
                0x00000052       0x1c c:/nrf/8-2019-q3-update/bin/../lib/gcc/arm-none-eabi/8.3.1/../../../../arm-none-eabi/lib/thumb/v7e-m+fp/hard/crt0.o
 .ARM.attributes
                0x0000006e       0x20 _build/nrf52840_xxaa/gcc_startup_nrf52840.S.o
 .ARM.attributes
                0x0000008e       0x34 _build/nrf52840_xxaa/nrf_log_backend_serial.c.o
 .ARM.attributes
                0x000000c2       0x34 _build/nrf52840_xxaa/nrf_log_backend_uart.c.o
 .ARM.attributes
                0x000000f6       0x34 _build/nrf52840_xxaa/nrf_log_default_backends.c.o
 .ARM.attributes
                0x0000012a       0x34 _build/nrf52840_xxaa/nrf_log_frontend.c.o
 .ARM.attributes
                0x0000015e       0x34 _build/nrf52840_xxaa/nrf_log_str_formatter.c.o
 .ARM.attributes
                0x00000192       0x34 _build/nrf52840_xxaa/app_button.c.o
 .ARM.attributes
                0x000001c6       0x34 _build/nrf52840_xxaa/app_error.c.o
 .ARM.attributes
                0x000001fa       0x34 _build/nrf52840_xxaa/app_error_weak.c.o
 .ARM.attributes
                0x0000022e       0x34 _build/nrf52840_xxaa/app_timer2.c.o
 .ARM.attributes
                0x00000262       0x34 _build/nrf52840_xxaa/app_util_platform.c.o
 .ARM.attributes
                0x00000296       0x34 _build/nrf52840_xxaa/drv_rtc.c.o
 .ARM.attributes
                0x000002ca       0x34 _build/nrf52840_xxaa/nrf_atfifo.c.o
 .ARM.attributes
                0x000002fe       0x34 _build/nrf52840_xxaa/nrf_atflags.c.o
 .ARM.attributes
                0x00000332       0x34 _build/nrf52840_xxaa/nrf_atomic.c.o
 .ARM.attributes
                0x00000366       0x34 _build/nrf52840_xxaa/nrf_balloc.c.o
 .ARM.attributes
                0x0000039a       0x34 _build/nrf52840_xxaa/nrf_fprintf.c.o
 .ARM.attributes
                0x000003ce       0x34 _build/nrf52840_xxaa/nrf_fprintf_format.c.o
 .ARM.attributes
                0x00000402       0x34 _build/nrf52840_xxaa/nrf_memobj.c.o
 .ARM.attributes
                0x00000436       0x34 _build/nrf52840_xxaa/nrf_pwr_mgmt.c.o
 .ARM.attributes
                0x0000046a       0x34 _build/nrf52840_xxaa/nrf_ringbuf.c.o
 .ARM.attributes
                0x0000049e       0x34 _build/nrf52840_xxaa/nrf_section_iter.c.o
 .ARM.attributes
                0x000004d2       0x34 _build/nrf52840_xxaa/nrf_sortlist.c.o
 .ARM.attributes
                0x00000506       0x34 _build/nrf52840_xxaa/nrf_strerror.c.o
 .ARM.attributes
                0x0000053a       0x34 _build/nrf52840_xxaa/system_nrf52840.c.o
 .ARM.attributes
                0x0000056e       0x34 _build/nrf52840_xxaa/boards.c.o
 .ARM.attributes
                0x000005a2       0x34 _build/nrf52840_xxaa/nrf_drv_clock.c.o
 .ARM.attributes
                0x000005d6       0x34 _build/nrf52840_xxaa/nrf_drv_uart.c.o
 .ARM.attributes
                0x0000060a       0x34 _build/nrf52840_xxaa/nrfx_clock.c.o
 .ARM.attributes
                0x0000063e       0x34 _build/nrf52840_xxaa/nrfx_gpiote.c.o
 .ARM.attributes
                0x00000672       0x34 _build/nrf52840_xxaa/nrfx_prs.c.o
 .ARM.attributes
                0x000006a6       0x34 _build/nrf52840_xxaa/nrfx_uart.c.o
 .ARM.attributes
                0x000006da       0x34 _build/nrf52840_xxaa/nrfx_uarte.c.o
 .ARM.attributes
                0x0000070e       0x34 _build/nrf52840_xxaa/main.c.o
 .ARM.attributes
                0x00000742       0x34 _build/nrf52840_xxaa/ble_cus.c.o
 .ARM.attributes
                0x00000776       0x34 _build/nrf52840_xxaa/ble_advdata.c.o
 .ARM.attributes
                0x000007aa       0x34 _build/nrf52840_xxaa/ble_conn_params.c.o
 .ARM.attributes
                0x000007de       0x34 _build/nrf52840_xxaa/ble_conn_state.c.o
 .ARM.attributes
                0x00000812       0x34 _build/nrf52840_xxaa/ble_srv_common.c.o
 .ARM.attributes
                0x00000846       0x34 _build/nrf52840_xxaa/nrf_ble_gatt.c.o
 .ARM.attributes
                0x0000087a       0x34 _build/nrf52840_xxaa/nrf_ble_qwr.c.o
 .ARM.attributes
                0x000008ae       0x34 _build/nrf52840_xxaa/ble_lbs.c.o
 .ARM.attributes
                0x000008e2       0x34 _build/nrf52840_xxaa/nrf_sdh.c.o
 .ARM.attributes
                0x00000916       0x34 _build/nrf52840_xxaa/nrf_sdh_ble.c.o
 .ARM.attributes
                0x0000094a       0x34 _build/nrf52840_xxaa/nrf_sdh_soc.c.o
 .ARM.attributes
                0x0000097e       0x32 c:/nrf/8-2019-q3-update/bin/../lib/gcc/arm-none-eabi/8.3.1/../../../../arm-none-eabi/lib/thumb/v7e-m+fp/hard\libc_nano.a(lib_a-ctype_.o)
 .ARM.attributes
                0x000009b0       0x34 c:/nrf/8-2019-q3-update/bin/../lib/gcc/arm-none-eabi/8.3.1/../../../../arm-none-eabi/lib/thumb/v7e-m+fp/hard\libc_nano.a(lib_a-exit.o)
 .ARM.attributes
                0x000009e4       0x32 c:/nrf/8-2019-q3-update/bin/../lib/gcc/arm-none-eabi/8.3.1/../../../../arm-none-eabi/lib/thumb/v7e-m+fp/hard\libc_nano.a(lib_a-impure.o)
 .ARM.attributes
                0x00000a16       0x34 c:/nrf/8-2019-q3-update/bin/../lib/gcc/arm-none-eabi/8.3.1/../../../../arm-none-eabi/lib/thumb/v7e-m+fp/hard\libc_nano.a(lib_a-init.o)
 .ARM.attributes
                0x00000a4a       0x34 c:/nrf/8-2019-q3-update/bin/../lib/gcc/arm-none-eabi/8.3.1/../../../../arm-none-eabi/lib/thumb/v7e-m+fp/hard\libc_nano.a(lib_a-memcpy-stub.o)
 .ARM.attributes
                0x00000a7e       0x34 c:/nrf/8-2019-q3-update/bin/../lib/gcc/arm-none-eabi/8.3.1/../../../../arm-none-eabi/lib/thumb/v7e-m+fp/hard\libc_nano.a(lib_a-memset.o)
 .ARM.attributes
                0x00000ab2       0x17 c:/nrf/8-2019-q3-update/bin/../lib/gcc/arm-none-eabi/8.3.1/../../../../arm-none-eabi/lib/thumb/v7e-m+fp/hard\libc_nano.a(lib_a-strlen.o)
 .ARM.attributes
                0x00000ac9       0x34 c:/nrf/8-2019-q3-update/bin/../lib/gcc/arm-none-eabi/8.3.1/../../../../arm-none-eabi/lib/thumb/v7e-m+fp/hard\libnosys.a(_exit.o)
 .ARM.attributes
                0x00000afd       0x32 c:/nrf/8-2019-q3-update/bin/../lib/gcc/arm-none-eabi/8.3.1/thumb/v7e-m+fp/hard/crtend.o
 .ARM.attributes
                0x00000b2f       0x1e c:/nrf/8-2019-q3-update/bin/../lib/gcc/arm-none-eabi/8.3.1/thumb/v7e-m+fp/hard/crtn.o

.comment        0x00000000       0x76
 .comment       0x00000000       0x76 _build/nrf52840_xxaa/nrf_log_backend_serial.c.o
                                 0x77 (size before relaxing)
 .comment       0x00000076       0x77 _build/nrf52840_xxaa/nrf_log_backend_uart.c.o
 .comment       0x00000076       0x77 _build/nrf52840_xxaa/nrf_log_default_backends.c.o
 .comment       0x00000076       0x77 _build/nrf52840_xxaa/nrf_log_frontend.c.o
 .comment       0x00000076       0x77 _build/nrf52840_xxaa/nrf_log_str_formatter.c.o
 .comment       0x00000076       0x77 _build/nrf52840_xxaa/app_button.c.o
 .comment       0x00000076       0x77 _build/nrf52840_xxaa/app_error.c.o
 .comment       0x00000076       0x77 _build/nrf52840_xxaa/app_error_weak.c.o
 .comment       0x00000076       0x77 _build/nrf52840_xxaa/app_timer2.c.o
 .comment       0x00000076       0x77 _build/nrf52840_xxaa/app_util_platform.c.o
 .comment       0x00000076       0x77 _build/nrf52840_xxaa/drv_rtc.c.o
 .comment       0x00000076       0x77 _build/nrf52840_xxaa/nrf_atfifo.c.o
 .comment       0x00000076       0x77 _build/nrf52840_xxaa/nrf_atflags.c.o
 .comment       0x00000076       0x77 _build/nrf52840_xxaa/nrf_atomic.c.o
 .comment       0x00000076       0x77 _build/nrf52840_xxaa/nrf_balloc.c.o
 .comment       0x00000076       0x77 _build/nrf52840_xxaa/nrf_fprintf.c.o
 .comment       0x00000076       0x77 _build/nrf52840_xxaa/nrf_fprintf_format.c.o
 .comment       0x00000076       0x77 _build/nrf52840_xxaa/nrf_memobj.c.o
 .comment       0x00000076       0x77 _build/nrf52840_xxaa/nrf_pwr_mgmt.c.o
 .comment       0x00000076       0x77 _build/nrf52840_xxaa/nrf_ringbuf.c.o
 .comment       0x00000076       0x77 _build/nrf52840_xxaa/nrf_section_iter.c.o
 .comment       0x00000076       0x77 _build/nrf52840_xxaa/nrf_sortlist.c.o
 .comment       0x00000076       0x77 _build/nrf52840_xxaa/nrf_strerror.c.o
 .comment       0x00000076       0x77 _build/nrf52840_xxaa/system_nrf52840.c.o
 .comment       0x00000076       0x77 _build/nrf52840_xxaa/boards.c.o
 .comment       0x00000076       0x77 _build/nrf52840_xxaa/nrf_drv_clock.c.o
 .comment       0x00000076       0x77 _build/nrf52840_xxaa/nrf_drv_uart.c.o
 .comment       0x00000076       0x77 _build/nrf52840_xxaa/nrfx_clock.c.o
 .comment       0x00000076       0x77 _build/nrf52840_xxaa/nrfx_gpiote.c.o
 .comment       0x00000076       0x77 _build/nrf52840_xxaa/nrfx_prs.c.o
 .comment       0x00000076       0x77 _build/nrf52840_xxaa/nrfx_uart.c.o
 .comment       0x00000076       0x77 _build/nrf52840_xxaa/nrfx_uarte.c.o
 .comment       0x00000076       0x77 _build/nrf52840_xxaa/main.c.o
 .comment       0x00000076       0x77 _build/nrf52840_xxaa/ble_cus.c.o
 .comment       0x00000076       0x77 _build/nrf52840_xxaa/ble_advdata.c.o
 .comment       0x00000076       0x77 _build/nrf52840_xxaa/ble_conn_params.c.o
 .comment       0x00000076       0x77 _build/nrf52840_xxaa/ble_conn_state.c.o
 .comment       0x00000076       0x77 _build/nrf52840_xxaa/ble_srv_common.c.o
 .comment       0x00000076       0x77 _build/nrf52840_xxaa/nrf_ble_gatt.c.o
 .comment       0x00000076       0x77 _build/nrf52840_xxaa/nrf_ble_qwr.c.o
 .comment       0x00000076       0x77 _build/nrf52840_xxaa/ble_lbs.c.o
 .comment       0x00000076       0x77 _build/nrf52840_xxaa/nrf_sdh.c.o
 .comment       0x00000076       0x77 _build/nrf52840_xxaa/nrf_sdh_ble.c.o
 .comment       0x00000076       0x77 _build/nrf52840_xxaa/nrf_sdh_soc.c.o

.debug_line     0x00000000    0x27815
 .debug_line    0x00000000       0x96 _build/nrf52840_xxaa/gcc_startup_nrf52840.S.o
 .debug_line    0x00000096      0x939 _build/nrf52840_xxaa/nrf_log_backend_serial.c.o
 .debug_line    0x000009cf      0xcb3 _build/nrf52840_xxaa/nrf_log_backend_uart.c.o
 .debug_line    0x00001682      0x812 _build/nrf52840_xxaa/nrf_log_default_backends.c.o
 .debug_line    0x00001e94     0x2966 _build/nrf52840_xxaa/nrf_log_frontend.c.o
 .debug_line    0x000047fa      0xa43 _build/nrf52840_xxaa/nrf_log_str_formatter.c.o
 .debug_line    0x0000523d     0x10b7 _build/nrf52840_xxaa/app_button.c.o
 .debug_line    0x000062f4      0x571 _build/nrf52840_xxaa/app_error.c.o
 .debug_line    0x00006865      0x90c _build/nrf52840_xxaa/app_error_weak.c.o
 .debug_line    0x00007171     0x12a4 _build/nrf52840_xxaa/app_timer2.c.o
 .debug_line    0x00008415      0x7bb _build/nrf52840_xxaa/app_util_platform.c.o
 .debug_line    0x00008bd0     0x15db _build/nrf52840_xxaa/drv_rtc.c.o
 .debug_line    0x0000a1ab      0xac8 _build/nrf52840_xxaa/nrf_atfifo.c.o
 .debug_line    0x0000ac73      0x8a0 _build/nrf52840_xxaa/nrf_atflags.c.o
 .debug_line    0x0000b513      0x844 _build/nrf52840_xxaa/nrf_atomic.c.o
 .debug_line    0x0000bd57      0x952 _build/nrf52840_xxaa/nrf_balloc.c.o
 .debug_line    0x0000c6a9      0x5b6 _build/nrf52840_xxaa/nrf_fprintf.c.o
 .debug_line    0x0000cc5f      0xe9a _build/nrf52840_xxaa/nrf_fprintf_format.c.o
 .debug_line    0x0000daf9      0xb5a _build/nrf52840_xxaa/nrf_memobj.c.o
 .debug_line    0x0000e653      0xf42 _build/nrf52840_xxaa/nrf_pwr_mgmt.c.o
 .debug_line    0x0000f595      0xa0f _build/nrf52840_xxaa/nrf_ringbuf.c.o
 .debug_line    0x0000ffa4      0x5cc _build/nrf52840_xxaa/nrf_section_iter.c.o
 .debug_line    0x00010570      0x7f3 _build/nrf52840_xxaa/nrf_sortlist.c.o
 .debug_line    0x00010d63      0x6ab _build/nrf52840_xxaa/nrf_strerror.c.o
 .debug_line    0x0001140e      0x796 _build/nrf52840_xxaa/system_nrf52840.c.o
 .debug_line    0x00011ba4     0x109f _build/nrf52840_xxaa/boards.c.o
 .debug_line    0x00012c43     0x1320 _build/nrf52840_xxaa/nrf_drv_clock.c.o
 .debug_line    0x00013f63      0x902 _build/nrf52840_xxaa/nrf_drv_uart.c.o
 .debug_line    0x00014865     0x1163 _build/nrf52840_xxaa/nrfx_clock.c.o
 .debug_line    0x000159c8     0x31b8 _build/nrf52840_xxaa/nrfx_gpiote.c.o
 .debug_line    0x00018b80      0xa19 _build/nrf52840_xxaa/nrfx_prs.c.o
 .debug_line    0x00019599     0x1fcf _build/nrf52840_xxaa/nrfx_uart.c.o
 .debug_line    0x0001b568     0x1f95 _build/nrf52840_xxaa/nrfx_uarte.c.o
 .debug_line    0x0001d4fd     0x15c9 _build/nrf52840_xxaa/main.c.o
 .debug_line    0x0001eac6      0xc3f _build/nrf52840_xxaa/ble_cus.c.o
 .debug_line    0x0001f705     0x133e _build/nrf52840_xxaa/ble_advdata.c.o
 .debug_line    0x00020a43      0xede _build/nrf52840_xxaa/ble_conn_params.c.o
 .debug_line    0x00021921     0x1192 _build/nrf52840_xxaa/ble_conn_state.c.o
 .debug_line    0x00022ab3      0xb0f _build/nrf52840_xxaa/ble_srv_common.c.o
 .debug_line    0x000235c2      0xd0f _build/nrf52840_xxaa/nrf_ble_gatt.c.o
 .debug_line    0x000242d1      0x844 _build/nrf52840_xxaa/nrf_ble_qwr.c.o
 .debug_line    0x00024b15      0x891 _build/nrf52840_xxaa/ble_lbs.c.o
 .debug_line    0x000253a6     0x105c _build/nrf52840_xxaa/nrf_sdh.c.o
 .debug_line    0x00026402      0xbd0 _build/nrf52840_xxaa/nrf_sdh_ble.c.o
 .debug_line    0x00026fd2      0x843 _build/nrf52840_xxaa/nrf_sdh_soc.c.o

.debug_info     0x00000000    0x59447
 .debug_info    0x00000000       0x26 _build/nrf52840_xxaa/gcc_startup_nrf52840.S.o
 .debug_info    0x00000026     0x1254 _build/nrf52840_xxaa/nrf_log_backend_serial.c.o
 .debug_info    0x0000127a     0x1cc5 _build/nrf52840_xxaa/nrf_log_backend_uart.c.o
 .debug_info    0x00002f3f      0xd9e _build/nrf52840_xxaa/nrf_log_default_backends.c.o
 .debug_info    0x00003cdd     0x46a9 _build/nrf52840_xxaa/nrf_log_frontend.c.o
 .debug_info    0x00008386     0x142a _build/nrf52840_xxaa/nrf_log_str_formatter.c.o
 .debug_info    0x000097b0     0x199c _build/nrf52840_xxaa/app_button.c.o
 .debug_info    0x0000b14c      0xb94 _build/nrf52840_xxaa/app_error.c.o
 .debug_info    0x0000bce0     0x1006 _build/nrf52840_xxaa/app_error_weak.c.o
 .debug_info    0x0000cce6     0x2253 _build/nrf52840_xxaa/app_timer2.c.o
 .debug_info    0x0000ef39     0x1337 _build/nrf52840_xxaa/app_util_platform.c.o
 .debug_info    0x00010270     0x2bb7 _build/nrf52840_xxaa/drv_rtc.c.o
 .debug_info    0x00012e27     0x15a2 _build/nrf52840_xxaa/nrf_atfifo.c.o
 .debug_info    0x000143c9     0x1027 _build/nrf52840_xxaa/nrf_atflags.c.o
 .debug_info    0x000153f0     0x1434 _build/nrf52840_xxaa/nrf_atomic.c.o
 .debug_info    0x00016824      0xea4 _build/nrf52840_xxaa/nrf_balloc.c.o
 .debug_info    0x000176c8      0xb51 _build/nrf52840_xxaa/nrf_fprintf.c.o
 .debug_info    0x00018219     0x1595 _build/nrf52840_xxaa/nrf_fprintf_format.c.o
 .debug_info    0x000197ae     0x1611 _build/nrf52840_xxaa/nrf_memobj.c.o
 .debug_info    0x0001adbf     0x1e2e _build/nrf52840_xxaa/nrf_pwr_mgmt.c.o
 .debug_info    0x0001cbed      0xf8b _build/nrf52840_xxaa/nrf_ringbuf.c.o
 .debug_info    0x0001db78      0xac1 _build/nrf52840_xxaa/nrf_section_iter.c.o
 .debug_info    0x0001e639      0xd6d _build/nrf52840_xxaa/nrf_sortlist.c.o
 .debug_info    0x0001f3a6      0xb72 _build/nrf52840_xxaa/nrf_strerror.c.o
 .debug_info    0x0001ff18     0x170c _build/nrf52840_xxaa/system_nrf52840.c.o
 .debug_info    0x00021624     0x2100 _build/nrf52840_xxaa/boards.c.o
 .debug_info    0x00023724     0x231e _build/nrf52840_xxaa/nrf_drv_clock.c.o
 .debug_info    0x00025a42     0x1b2d _build/nrf52840_xxaa/nrf_drv_uart.c.o
 .debug_info    0x0002756f     0x1e6c _build/nrf52840_xxaa/nrfx_clock.c.o
 .debug_info    0x000293db     0x4b03 _build/nrf52840_xxaa/nrfx_gpiote.c.o
 .debug_info    0x0002dede     0x1200 _build/nrf52840_xxaa/nrfx_prs.c.o
 .debug_info    0x0002f0de     0x4403 _build/nrf52840_xxaa/nrfx_uart.c.o
 .debug_info    0x000334e1     0x432c _build/nrf52840_xxaa/nrfx_uarte.c.o
 .debug_info    0x0003780d     0x4b84 _build/nrf52840_xxaa/main.c.o
 .debug_info    0x0003c391     0x2eb4 _build/nrf52840_xxaa/ble_cus.c.o
 .debug_info    0x0003f245     0x299d _build/nrf52840_xxaa/ble_advdata.c.o
 .debug_info    0x00041be2     0x3754 _build/nrf52840_xxaa/ble_conn_params.c.o
 .debug_info    0x00045336     0x3a00 _build/nrf52840_xxaa/ble_conn_state.c.o
 .debug_info    0x00048d36     0x1702 _build/nrf52840_xxaa/ble_srv_common.c.o
 .debug_info    0x0004a438     0x341d _build/nrf52840_xxaa/nrf_ble_gatt.c.o
 .debug_info    0x0004d855     0x29b7 _build/nrf52840_xxaa/nrf_ble_qwr.c.o
 .debug_info    0x0005020c     0x2bb0 _build/nrf52840_xxaa/ble_lbs.c.o
 .debug_info    0x00052dbc     0x20fe _build/nrf52840_xxaa/nrf_sdh.c.o
 .debug_info    0x00054eba     0x3607 _build/nrf52840_xxaa/nrf_sdh_ble.c.o
 .debug_info    0x000584c1      0xf86 _build/nrf52840_xxaa/nrf_sdh_soc.c.o

.debug_abbrev   0x00000000     0xb3ee
 .debug_abbrev  0x00000000       0x14 _build/nrf52840_xxaa/gcc_startup_nrf52840.S.o
 .debug_abbrev  0x00000014      0x2bd _build/nrf52840_xxaa/nrf_log_backend_serial.c.o
 .debug_abbrev  0x000002d1      0x41d _build/nrf52840_xxaa/nrf_log_backend_uart.c.o
 .debug_abbrev  0x000006ee      0x294 _build/nrf52840_xxaa/nrf_log_default_backends.c.o
 .debug_abbrev  0x00000982      0x617 _build/nrf52840_xxaa/nrf_log_frontend.c.o
 .debug_abbrev  0x00000f99      0x320 _build/nrf52840_xxaa/nrf_log_str_formatter.c.o
 .debug_abbrev  0x000012b9      0x467 _build/nrf52840_xxaa/app_button.c.o
 .debug_abbrev  0x00001720      0x276 _build/nrf52840_xxaa/app_error.c.o
 .debug_abbrev  0x00001996      0x2fd _build/nrf52840_xxaa/app_error_weak.c.o
 .debug_abbrev  0x00001c93      0x598 _build/nrf52840_xxaa/app_timer2.c.o
 .debug_abbrev  0x0000222b      0x3e6 _build/nrf52840_xxaa/app_util_platform.c.o
 .debug_abbrev  0x00002611      0x5e0 _build/nrf52840_xxaa/drv_rtc.c.o
 .debug_abbrev  0x00002bf1      0x3c2 _build/nrf52840_xxaa/nrf_atfifo.c.o
 .debug_abbrev  0x00002fb3      0x390 _build/nrf52840_xxaa/nrf_atflags.c.o
 .debug_abbrev  0x00003343      0x378 _build/nrf52840_xxaa/nrf_atomic.c.o
 .debug_abbrev  0x000036bb      0x34d _build/nrf52840_xxaa/nrf_balloc.c.o
 .debug_abbrev  0x00003a08      0x27d _build/nrf52840_xxaa/nrf_fprintf.c.o
 .debug_abbrev  0x00003c85      0x3e2 _build/nrf52840_xxaa/nrf_fprintf_format.c.o
 .debug_abbrev  0x00004067      0x39e _build/nrf52840_xxaa/nrf_memobj.c.o
 .debug_abbrev  0x00004405      0x51c _build/nrf52840_xxaa/nrf_pwr_mgmt.c.o
 .debug_abbrev  0x00004921      0x2b2 _build/nrf52840_xxaa/nrf_ringbuf.c.o
 .debug_abbrev  0x00004bd3      0x206 _build/nrf52840_xxaa/nrf_section_iter.c.o
 .debug_abbrev  0x00004dd9      0x284 _build/nrf52840_xxaa/nrf_sortlist.c.o
 .debug_abbrev  0x0000505d      0x29c _build/nrf52840_xxaa/nrf_strerror.c.o
 .debug_abbrev  0x000052f9      0x28a _build/nrf52840_xxaa/system_nrf52840.c.o
 .debug_abbrev  0x00005583      0x4bd _build/nrf52840_xxaa/boards.c.o
 .debug_abbrev  0x00005a40      0x5f8 _build/nrf52840_xxaa/nrf_drv_clock.c.o
 .debug_abbrev  0x00006038      0x2da _build/nrf52840_xxaa/nrf_drv_uart.c.o
 .debug_abbrev  0x00006312      0x569 _build/nrf52840_xxaa/nrfx_clock.c.o
 .debug_abbrev  0x0000687b      0x5bc _build/nrf52840_xxaa/nrfx_gpiote.c.o
 .debug_abbrev  0x00006e37      0x362 _build/nrf52840_xxaa/nrfx_prs.c.o
 .debug_abbrev  0x00007199      0x5b7 _build/nrf52840_xxaa/nrfx_uart.c.o
 .debug_abbrev  0x00007750      0x588 _build/nrf52840_xxaa/nrfx_uarte.c.o
 .debug_abbrev  0x00007cd8      0x51c _build/nrf52840_xxaa/main.c.o
 .debug_abbrev  0x000081f4      0x401 _build/nrf52840_xxaa/ble_cus.c.o
 .debug_abbrev  0x000085f5      0x4af _build/nrf52840_xxaa/ble_advdata.c.o
 .debug_abbrev  0x00008aa4      0x5ae _build/nrf52840_xxaa/ble_conn_params.c.o
 .debug_abbrev  0x00009052      0x5c2 _build/nrf52840_xxaa/ble_conn_state.c.o
 .debug_abbrev  0x00009614      0x3be _build/nrf52840_xxaa/ble_srv_common.c.o
 .debug_abbrev  0x000099d2      0x4e3 _build/nrf52840_xxaa/nrf_ble_gatt.c.o
 .debug_abbrev  0x00009eb5      0x3ee _build/nrf52840_xxaa/nrf_ble_qwr.c.o
 .debug_abbrev  0x0000a2a3      0x3df _build/nrf52840_xxaa/ble_lbs.c.o
 .debug_abbrev  0x0000a682      0x5ca _build/nrf52840_xxaa/nrf_sdh.c.o
 .debug_abbrev  0x0000ac4c      0x4b1 _build/nrf52840_xxaa/nrf_sdh_ble.c.o
 .debug_abbrev  0x0000b0fd      0x2f1 _build/nrf52840_xxaa/nrf_sdh_soc.c.o

.debug_aranges  0x00000000      0xf90
 .debug_aranges
                0x00000000       0x20 _build/nrf52840_xxaa/gcc_startup_nrf52840.S.o
 .debug_aranges
                0x00000020       0x20 _build/nrf52840_xxaa/nrf_log_backend_serial.c.o
 .debug_aranges
                0x00000040       0x48 _build/nrf52840_xxaa/nrf_log_backend_uart.c.o
 .debug_aranges
                0x00000088       0x20 _build/nrf52840_xxaa/nrf_log_default_backends.c.o
 .debug_aranges
                0x000000a8       0xb8 _build/nrf52840_xxaa/nrf_log_frontend.c.o
 .debug_aranges
                0x00000160       0x38 _build/nrf52840_xxaa/nrf_log_str_formatter.c.o
 .debug_aranges
                0x00000198       0x50 _build/nrf52840_xxaa/app_button.c.o
 .debug_aranges
                0x000001e8       0x28 _build/nrf52840_xxaa/app_error.c.o
 .debug_aranges
                0x00000210       0x20 _build/nrf52840_xxaa/app_error_weak.c.o
 .debug_aranges
                0x00000230       0x70 _build/nrf52840_xxaa/app_timer2.c.o
 .debug_aranges
                0x000002a0       0x48 _build/nrf52840_xxaa/app_util_platform.c.o
 .debug_aranges
                0x000002e8       0xb0 _build/nrf52840_xxaa/drv_rtc.c.o
 .debug_aranges
                0x00000398       0x58 _build/nrf52840_xxaa/nrf_atfifo.c.o
 .debug_aranges
                0x000003f0       0x58 _build/nrf52840_xxaa/nrf_atflags.c.o
 .debug_aranges
                0x00000448       0xb0 _build/nrf52840_xxaa/nrf_atomic.c.o
 .debug_aranges
                0x000004f8       0x30 _build/nrf52840_xxaa/nrf_balloc.c.o
 .debug_aranges
                0x00000528       0x28 _build/nrf52840_xxaa/nrf_fprintf.c.o
 .debug_aranges
                0x00000550       0x28 _build/nrf52840_xxaa/nrf_fprintf_format.c.o
 .debug_aranges
                0x00000578       0x50 _build/nrf52840_xxaa/nrf_memobj.c.o
 .debug_aranges
                0x000005c8       0x48 _build/nrf52840_xxaa/nrf_pwr_mgmt.c.o
 .debug_aranges
                0x00000610       0x50 _build/nrf52840_xxaa/nrf_ringbuf.c.o
 .debug_aranges
                0x00000660       0x28 _build/nrf52840_xxaa/nrf_section_iter.c.o
 .debug_aranges
                0x00000688       0x40 _build/nrf52840_xxaa/nrf_sortlist.c.o
 .debug_aranges
                0x000006c8       0x28 _build/nrf52840_xxaa/nrf_strerror.c.o
 .debug_aranges
                0x000006f0       0x28 _build/nrf52840_xxaa/system_nrf52840.c.o
 .debug_aranges
                0x00000718       0x78 _build/nrf52840_xxaa/boards.c.o
 .debug_aranges
                0x00000790       0xa8 _build/nrf52840_xxaa/nrf_drv_clock.c.o
 .debug_aranges
                0x00000838       0x30 _build/nrf52840_xxaa/nrf_drv_uart.c.o
 .debug_aranges
                0x00000868       0x78 _build/nrf52840_xxaa/nrfx_clock.c.o
 .debug_aranges
                0x000008e0       0xf8 _build/nrf52840_xxaa/nrfx_gpiote.c.o
 .debug_aranges
                0x000009d8       0x30 _build/nrf52840_xxaa/nrfx_prs.c.o
 .debug_aranges
                0x00000a08       0x78 _build/nrf52840_xxaa/nrfx_uart.c.o
 .debug_aranges
                0x00000a80       0x68 _build/nrf52840_xxaa/nrfx_uarte.c.o
 .debug_aranges
                0x00000ae8       0x90 _build/nrf52840_xxaa/main.c.o
 .debug_aranges
                0x00000b78       0x40 _build/nrf52840_xxaa/ble_cus.c.o
 .debug_aranges
                0x00000bb8       0x78 _build/nrf52840_xxaa/ble_advdata.c.o
 .debug_aranges
                0x00000c30       0x60 _build/nrf52840_xxaa/ble_conn_params.c.o
 .debug_aranges
                0x00000c90       0xc8 _build/nrf52840_xxaa/ble_conn_state.c.o
 .debug_aranges
                0x00000d58       0x58 _build/nrf52840_xxaa/ble_srv_common.c.o
 .debug_aranges
                0x00000db0       0x70 _build/nrf52840_xxaa/nrf_ble_gatt.c.o
 .debug_aranges
                0x00000e20       0x40 _build/nrf52840_xxaa/nrf_ble_qwr.c.o
 .debug_aranges
                0x00000e60       0x48 _build/nrf52840_xxaa/ble_lbs.c.o
 .debug_aranges
                0x00000ea8       0x70 _build/nrf52840_xxaa/nrf_sdh.c.o
 .debug_aranges
                0x00000f18       0x50 _build/nrf52840_xxaa/nrf_sdh_ble.c.o
 .debug_aranges
                0x00000f68       0x28 _build/nrf52840_xxaa/nrf_sdh_soc.c.o

.debug_str      0x00000000    0xaf347
 .debug_str     0x00000000       0x6a _build/nrf52840_xxaa/gcc_startup_nrf52840.S.o
 .debug_str     0x0000006a    0x8c68a _build/nrf52840_xxaa/nrf_log_backend_serial.c.o
                              0x8ee1a (size before relaxing)
 .debug_str     0x0008c6f4     0x8676 _build/nrf52840_xxaa/nrf_log_backend_uart.c.o
                              0x96f79 (size before relaxing)
 .debug_str     0x00094d6a      0x129 _build/nrf52840_xxaa/nrf_log_default_backends.c.o
                              0x8ebd1 (size before relaxing)
 .debug_str     0x00094e93     0x1386 _build/nrf52840_xxaa/nrf_log_frontend.c.o
                              0x90096 (size before relaxing)
 .debug_str     0x00096219      0x6b3 _build/nrf52840_xxaa/nrf_log_str_formatter.c.o
                              0x8f33c (size before relaxing)
 .debug_str     0x000968cc     0x1ab7 _build/nrf52840_xxaa/app_button.c.o
                              0x96d18 (size before relaxing)
 .debug_str     0x00098383      0x143 _build/nrf52840_xxaa/app_error.c.o
                              0x79b71 (size before relaxing)
 .debug_str     0x000984c6      0xa48 _build/nrf52840_xxaa/app_error_weak.c.o
                              0x8fc1b (size before relaxing)
 .debug_str     0x00098f0e     0x1148 _build/nrf52840_xxaa/app_timer2.c.o
                              0x969fd (size before relaxing)
 .debug_str     0x0009a056      0x28b _build/nrf52840_xxaa/app_util_platform.c.o
                              0x7afac (size before relaxing)
 .debug_str     0x0009a2e1      0x791 _build/nrf52840_xxaa/drv_rtc.c.o
                              0x9637d (size before relaxing)
 .debug_str     0x0009aa72      0x169 _build/nrf52840_xxaa/nrf_atfifo.c.o
                              0x8cb66 (size before relaxing)
 .debug_str     0x0009abdb      0x3d7 _build/nrf52840_xxaa/nrf_atflags.c.o
                              0x89f52 (size before relaxing)
 .debug_str     0x0009afb2      0x668 _build/nrf52840_xxaa/nrf_atomic.c.o
                              0x8a287 (size before relaxing)
 .debug_str     0x0009b61a      0x161 _build/nrf52840_xxaa/nrf_balloc.c.o
                              0x8ebcb (size before relaxing)
 .debug_str     0x0009b77b      0x151 _build/nrf52840_xxaa/nrf_fprintf.c.o
                              0x89ee0 (size before relaxing)
 .debug_str     0x0009b8cc      0x51e _build/nrf52840_xxaa/nrf_fprintf_format.c.o
                              0x8a3c9 (size before relaxing)
 .debug_str     0x0009bdea      0x1b2 _build/nrf52840_xxaa/nrf_memobj.c.o
                              0x8cf83 (size before relaxing)
 .debug_str     0x0009bf9c     0x17ae _build/nrf52840_xxaa/nrf_pwr_mgmt.c.o
                              0x98274 (size before relaxing)
 .debug_str     0x0009d74a       0xe9 _build/nrf52840_xxaa/nrf_ringbuf.c.o
                              0x8b675 (size before relaxing)
 .debug_str     0x0009d833       0x61 _build/nrf52840_xxaa/nrf_section_iter.c.o
                              0x8a0af (size before relaxing)
 .debug_str     0x0009d894       0xd2 _build/nrf52840_xxaa/nrf_sortlist.c.o
                              0x8c7b5 (size before relaxing)
 .debug_str     0x0009d966       0xfa _build/nrf52840_xxaa/nrf_strerror.c.o
                              0x89c4c (size before relaxing)
 .debug_str     0x0009da60      0x515 _build/nrf52840_xxaa/system_nrf52840.c.o
                              0x7584b (size before relaxing)
 .debug_str     0x0009df75      0xfd6 _build/nrf52840_xxaa/boards.c.o
                              0x936ed (size before relaxing)
 .debug_str     0x0009ef4b      0xf3f _build/nrf52840_xxaa/nrf_drv_clock.c.o
                              0x96ff8 (size before relaxing)
 .debug_str     0x0009fe8a      0x469 _build/nrf52840_xxaa/nrf_drv_uart.c.o
                              0x93764 (size before relaxing)
 .debug_str     0x000a02f3      0x7ac _build/nrf52840_xxaa/nrfx_clock.c.o
                              0x9629c (size before relaxing)
 .debug_str     0x000a0a9f      0xddf _build/nrf52840_xxaa/nrfx_gpiote.c.o
                              0x97664 (size before relaxing)
 .debug_str     0x000a187e      0x341 _build/nrf52840_xxaa/nrfx_prs.c.o
                              0x959da (size before relaxing)
 .debug_str     0x000a1bbf      0x6b4 _build/nrf52840_xxaa/nrfx_uart.c.o
                              0x96bd3 (size before relaxing)
 .debug_str     0x000a2273      0x977 _build/nrf52840_xxaa/nrfx_uarte.c.o
                              0x97067 (size before relaxing)
 .debug_str     0x000a2bea     0x9b8b _build/nrf52840_xxaa/main.c.o
                              0xa1f2e (size before relaxing)
 .debug_str     0x000ac775      0x335 _build/nrf52840_xxaa/ble_cus.c.o
                              0x9de68 (size before relaxing)
 .debug_str     0x000acaaa      0x4a3 _build/nrf52840_xxaa/ble_advdata.c.o
                              0x9115b (size before relaxing)
 .debug_str     0x000acf4d      0x359 _build/nrf52840_xxaa/ble_conn_params.c.o
                              0x93fe1 (size before relaxing)
 .debug_str     0x000ad2a6      0x86e _build/nrf52840_xxaa/ble_conn_state.c.o
                              0x92c34 (size before relaxing)
 .debug_str     0x000adb14      0x2ec _build/nrf52840_xxaa/ble_srv_common.c.o
                              0x88328 (size before relaxing)
 .debug_str     0x000ade00      0x4df _build/nrf52840_xxaa/nrf_ble_gatt.c.o
                              0x93a66 (size before relaxing)
 .debug_str     0x000ae2df      0x216 _build/nrf52840_xxaa/nrf_ble_qwr.c.o
                              0x91c12 (size before relaxing)
 .debug_str     0x000ae4f5       0xbd _build/nrf52840_xxaa/ble_lbs.c.o
                              0x921cf (size before relaxing)
 .debug_str     0x000ae5b2      0x501 _build/nrf52840_xxaa/nrf_sdh.c.o
                              0x8f654 (size before relaxing)
 .debug_str     0x000aeab3      0x703 _build/nrf52840_xxaa/nrf_sdh_ble.c.o
                              0x946b6 (size before relaxing)
 .debug_str     0x000af1b6      0x191 _build/nrf52840_xxaa/nrf_sdh_soc.c.o
                              0x8e644 (size before relaxing)

.debug_loc      0x00000000    0x1cd9e
 .debug_loc     0x00000000      0x1a3 _build/nrf52840_xxaa/nrf_log_backend_serial.c.o
 .debug_loc     0x000001a3      0x334 _build/nrf52840_xxaa/nrf_log_backend_uart.c.o
 .debug_loc     0x000004d7       0x17 _build/nrf52840_xxaa/nrf_log_default_backends.c.o
 .debug_loc     0x000004ee     0x4cca _build/nrf52840_xxaa/nrf_log_frontend.c.o
 .debug_loc     0x000051b8      0x486 _build/nrf52840_xxaa/nrf_log_str_formatter.c.o
 .debug_loc     0x0000563e      0x9a5 _build/nrf52840_xxaa/app_button.c.o
 .debug_loc     0x00005fe3       0xc9 _build/nrf52840_xxaa/app_error.c.o
 .debug_loc     0x000060ac       0x6f _build/nrf52840_xxaa/app_error_weak.c.o
 .debug_loc     0x0000611b      0x958 _build/nrf52840_xxaa/app_timer2.c.o
 .debug_loc     0x00006a73      0x1e9 _build/nrf52840_xxaa/app_util_platform.c.o
 .debug_loc     0x00006c5c     0x1396 _build/nrf52840_xxaa/drv_rtc.c.o
 .debug_loc     0x00007ff2      0x76d _build/nrf52840_xxaa/nrf_atfifo.c.o
 .debug_loc     0x0000875f      0x560 _build/nrf52840_xxaa/nrf_atflags.c.o
 .debug_loc     0x00008cbf      0x5c9 _build/nrf52840_xxaa/nrf_atomic.c.o
 .debug_loc     0x00009288      0x1c3 _build/nrf52840_xxaa/nrf_balloc.c.o
 .debug_loc     0x0000944b       0x54 _build/nrf52840_xxaa/nrf_fprintf.c.o
 .debug_loc     0x0000949f     0x138c _build/nrf52840_xxaa/nrf_fprintf_format.c.o